<html>
<body>
<pre>
<h1>礦ision Build Log</h1>
<h2>Tool Versions:</h2>
IDE-Version: μVision V5.38.0.0
Copyright (C) 2022 ARM Ltd and ARM Germany GmbH. All rights reserved.
License Information: 1 1, 1, LIC=9WSKC-7Y82Q-LQZ0Q-NU6BN-HVEYM-UV19Y
 
Tool Versions:
Toolchain:       MDK-ARM Plus  Version: 5.38.0.0
Toolchain Path:  D:\Keil_v5\ARM\ARMCC\Bin
C Compiler:      Armcc.exe V5.05 update 1 (build 106)
Assembler:       Armasm.exe V5.05 update 1 (build 106)
Linker/Locator:  ArmLink.exe V5.05 update 1 (build 106)
Library Manager: ArmAr.exe V5.05 update 1 (build 106)
Hex Converter:   FromElf.exe V5.05 update 1 (build 106)
CPU DLL:         SARMCM3.DLL V5.38.0.0
Dialog DLL:      DCM.DLL V1.17.5.0
Target DLL:      STLink\ST-LINKIII-KEIL_SWO.dll V3.0.1.0
Dialog DLL:      TCM.DLL V1.56.4.0
 
<h2>Project:</h2>
D:\CubeMX\Project_function\ADC_FFT\MDK-ARM\G474_temp.uvprojx
Project File Date:  07/13/2024

<h2>Output:</h2>
*** Using Compiler 'V5.05 update 1 (build 106)', folder: 'D:\Keil_v5\ARM\ARMCC\Bin'
Rebuild target 'G474_temp'
assembling startup_stm32g474xx.s...
compiling stm32g4xx_ll_adc.c...
compiling tim.c...
compiling adc.c...
compiling stm32g4xx_it.c...
compiling gpio.c...
compiling dma.c...
compiling stm32g4xx_hal_msp.c...
compiling stm32g4xx_hal.c...
compiling usart.c...
compiling main.c...
..\HARDWARE\Window\WindowFunction.h(37): warning:  #47-D: incompatible redefinition of macro "PI" (declared at line 361 of "../Middlewares/ST/ARM/DSP/Inc/arm_math.h")
  #define PI 3.14159265358979323846264338327950288419717  //定义圆周率值
../Core/Src/main.c: 1 warning, 0 errors
compiling stm32g4xx_hal_adc_ex.c...
compiling stm32g4xx_hal_rcc_ex.c...
compiling stm32g4xx_hal_rcc.c...
compiling stm32g4xx_hal_adc.c...
compiling stm32g4xx_hal_dma_ex.c...
compiling stm32g4xx_hal_flash.c...
compiling stm32g4xx_hal_cortex.c...
compiling stm32g4xx_hal_pwr.c...
compiling stm32g4xx_hal_dma.c...
compiling stm32g4xx_hal_flash_ramfunc.c...
compiling stm32g4xx_hal_flash_ex.c...
compiling stm32g4xx_hal_gpio.c...
compiling stm32g4xx_hal_exti.c...
compiling stm32g4xx_hal_pwr_ex.c...
compiling stm32g4xx_hal_tim_ex.c...
compiling WindowFunction.c...
compiling stm32g4xx_hal_uart.c...
compiling stm32g4xx_hal_tim.c...
compiling stm32g4xx_hal_uart_ex.c...
compiling system_stm32g4xx.c...
compiling myiic.c...
compiling myusart1.c...
compiling OLED_I2C.c...
compiling delay.c...
compiling fft.c...
..\HARDWARE\Window\WindowFunction.h(37): warning:  #47-D: incompatible redefinition of macro "PI" (declared at line 361 of "../Middlewares/ST/ARM/DSP/Inc/arm_math.h")
  #define PI 3.14159265358979323846264338327950288419717  //定义圆周率值
..\HARDWARE\FFT\fft.c(182): warning:  #550-D: variable "freamplen" was set but never used
  	uint16_t i,freamplen;
..\HARDWARE\FFT\fft.c: 2 warnings, 0 errors
linking...
Program Size: Code=27316 RO-data=37648 RW-data=584 ZI-data=16696  
FromELF: creating hex file...
"G474_temp\G474_temp.axf" - 0 Error(s), 3 Warning(s).

<h2>Software Packages used:</h2>

Package Vendor: ARM
                http://www.keil.com/pack/ARM.CMSIS.5.9.0.pack
                ARM.CMSIS.5.9.0
                CMSIS (Common Microcontroller Software Interface Standard)
   * Component: CORE Version: 5.6.0

Package Vendor: Keil
                https://www.keil.com/pack/Keil.STM32G4xx_DFP.1.5.0.pack
                Keil.STM32G4xx_DFP.1.5.0
                STMicroelectronics STM32G4 Series Device Support, Drivers and Examples

<h2>Collection of Component include folders:</h2>
  ./RTE/_G474_temp
  D:/Keil_v5/ARM/Pack/ARM/CMSIS/5.9.0/CMSIS/Core/Include
  D:/Keil_v5/ARM/Pack/Keil/STM32G4xx_DFP/1.5.0/Drivers/CMSIS/Device/ST/STM32G4xx/Include

<h2>Collection of Component Files used:</h2>

   * Component: ARM::CMSIS:CORE:5.6.0
      Include file:  CMSIS/Core/Include/tz_context.h
Build Time Elapsed:  00:00:22
</pre>
</body>
</html>
