Component: ARM Compiler 5.05 update 1 (build 106) Tool: armlink [4d0efa]

==============================================================================

Section Cross References

    startup_stm32g474xx.o(STACK) refers (Special) to heapauxi.o(.text) for __use_two_region_memory
    startup_stm32g474xx.o(HEAP) refers (Special) to heapauxi.o(.text) for __use_two_region_memory
    startup_stm32g474xx.o(RESET) refers (Special) to heapauxi.o(.text) for __use_two_region_memory
    startup_stm32g474xx.o(RESET) refers to startup_stm32g474xx.o(STACK) for __initial_sp
    startup_stm32g474xx.o(RESET) refers to startup_stm32g474xx.o(.text) for Reset_Handler
    startup_stm32g474xx.o(RESET) refers to stm32g4xx_it.o(i.NMI_Handler) for NMI_Handler
    startup_stm32g474xx.o(RESET) refers to stm32g4xx_it.o(i.HardFault_Handler) for HardFault_Handler
    startup_stm32g474xx.o(RESET) refers to stm32g4xx_it.o(i.MemManage_Handler) for MemManage_Handler
    startup_stm32g474xx.o(RESET) refers to stm32g4xx_it.o(i.BusFault_Handler) for BusFault_Handler
    startup_stm32g474xx.o(RESET) refers to stm32g4xx_it.o(i.UsageFault_Handler) for UsageFault_Handler
    startup_stm32g474xx.o(RESET) refers to stm32g4xx_it.o(i.SVC_Handler) for SVC_Handler
    startup_stm32g474xx.o(RESET) refers to stm32g4xx_it.o(i.DebugMon_Handler) for DebugMon_Handler
    startup_stm32g474xx.o(RESET) refers to stm32g4xx_it.o(i.PendSV_Handler) for PendSV_Handler
    startup_stm32g474xx.o(RESET) refers to stm32g4xx_it.o(i.SysTick_Handler) for SysTick_Handler
    startup_stm32g474xx.o(RESET) refers to stm32g4xx_it.o(i.DMA1_Channel1_IRQHandler) for DMA1_Channel1_IRQHandler
    startup_stm32g474xx.o(RESET) refers to stm32g4xx_it.o(i.USART1_IRQHandler) for USART1_IRQHandler
    startup_stm32g474xx.o(RESET) refers to stm32g4xx_it.o(i.EXTI15_10_IRQHandler) for EXTI15_10_IRQHandler
    startup_stm32g474xx.o(.text) refers (Special) to heapauxi.o(.text) for __use_two_region_memory
    startup_stm32g474xx.o(.text) refers to system_stm32g4xx.o(i.SystemInit) for SystemInit
    startup_stm32g474xx.o(.text) refers to __main.o(!!!main) for __main
    startup_stm32g474xx.o(.text) refers to startup_stm32g474xx.o(HEAP) for Heap_Mem
    startup_stm32g474xx.o(.text) refers to startup_stm32g474xx.o(STACK) for Stack_Mem
    main.o(i.HAL_ADC_ConvCpltCallback) refers to fft.o(i.fft) for fft
    main.o(i.HAL_ADC_ConvCpltCallback) refers to adc.o(.bss) for hadc1
    main.o(i.SystemClock_Config) refers to rt_memclr_w.o(.text) for __aeabi_memclr4
    main.o(i.SystemClock_Config) refers to stm32g4xx_hal_pwr_ex.o(i.HAL_PWREx_ControlVoltageScaling) for HAL_PWREx_ControlVoltageScaling
    main.o(i.SystemClock_Config) refers to stm32g4xx_hal_rcc.o(i.HAL_RCC_OscConfig) for HAL_RCC_OscConfig
    main.o(i.SystemClock_Config) refers to stm32g4xx_hal_rcc.o(i.HAL_RCC_ClockConfig) for HAL_RCC_ClockConfig
    main.o(i.main) refers to stm32g4xx_hal.o(i.HAL_Init) for HAL_Init
    main.o(i.main) refers to main.o(i.SystemClock_Config) for SystemClock_Config
    main.o(i.main) refers to gpio.o(i.MX_GPIO_Init) for MX_GPIO_Init
    main.o(i.main) refers to dma.o(i.MX_DMA_Init) for MX_DMA_Init
    main.o(i.main) refers to usart.o(i.MX_USART1_UART_Init) for MX_USART1_UART_Init
    main.o(i.main) refers to adc.o(i.MX_ADC1_Init) for MX_ADC1_Init
    main.o(i.main) refers to tim.o(i.MX_TIM3_Init) for MX_TIM3_Init
    main.o(i.main) refers to delay.o(i.delay_init) for delay_init
    main.o(i.main) refers to myusart1.o(i.MyUSART1_Init) for MyUSART1_Init
    main.o(i.main) refers to oled_i2c.o(i.OLED_Init) for OLED_Init
    main.o(i.main) refers to oled_i2c.o(i.OLED_CLS) for OLED_CLS
    main.o(i.main) refers to oled_i2c.o(i.BackGround) for BackGround
    main.o(i.main) refers to fft.o(i.ADC_Init) for ADC_Init
    main.o(i.main) refers to usart.o(.bss) for huart1
    gpio.o(i.MX_GPIO_Init) refers to rt_memclr_w.o(.text) for __aeabi_memclr4
    gpio.o(i.MX_GPIO_Init) refers to stm32g4xx_hal_gpio.o(i.HAL_GPIO_WritePin) for HAL_GPIO_WritePin
    gpio.o(i.MX_GPIO_Init) refers to stm32g4xx_hal_gpio.o(i.HAL_GPIO_Init) for HAL_GPIO_Init
    gpio.o(i.MX_GPIO_Init) refers to stm32g4xx_hal_cortex.o(i.HAL_NVIC_SetPriority) for HAL_NVIC_SetPriority
    gpio.o(i.MX_GPIO_Init) refers to stm32g4xx_hal_cortex.o(i.HAL_NVIC_EnableIRQ) for HAL_NVIC_EnableIRQ
    adc.o(i.HAL_ADC_MspDeInit) refers to stm32g4xx_hal_gpio.o(i.HAL_GPIO_DeInit) for HAL_GPIO_DeInit
    adc.o(i.HAL_ADC_MspDeInit) refers to stm32g4xx_hal_dma.o(i.HAL_DMA_DeInit) for HAL_DMA_DeInit
    adc.o(i.HAL_ADC_MspInit) refers to rt_memclr_w.o(.text) for __aeabi_memclr4
    adc.o(i.HAL_ADC_MspInit) refers to stm32g4xx_hal_rcc_ex.o(i.HAL_RCCEx_PeriphCLKConfig) for HAL_RCCEx_PeriphCLKConfig
    adc.o(i.HAL_ADC_MspInit) refers to main.o(i.Error_Handler) for Error_Handler
    adc.o(i.HAL_ADC_MspInit) refers to stm32g4xx_hal_gpio.o(i.HAL_GPIO_Init) for HAL_GPIO_Init
    adc.o(i.HAL_ADC_MspInit) refers to stm32g4xx_hal_dma.o(i.HAL_DMA_Init) for HAL_DMA_Init
[...]
    x$fpl$usenofp                            0x08006c8c   Section        0  usenofp.o(x$fpl$usenofp)
    .constdata                               0x08006ca4   Section       16  stm32g4xx_hal_uart_ex.o(.constdata)
    numerator                                0x08006ca4   Data           8  stm32g4xx_hal_uart_ex.o(.constdata)
    denominator                              0x08006cac   Data           8  stm32g4xx_hal_uart_ex.o(.constdata)
    .constdata                               0x08006cb4   Section       16  system_stm32g4xx.o(.constdata)
    .constdata                               0x08006cc4   Section        8  system_stm32g4xx.o(.constdata)
    .constdata                               0x08006ccc   Section     2086  oled_i2c.o(.constdata)
    hSpeedReg                                0x08006ccc   Data           8  oled_i2c.o(.constdata)
    .constdata                               0x080074f4   Section      148  bigflt0.o(.constdata)
    tenpwrs_x                                0x080074f4   Data          60  bigflt0.o(.constdata)
    tenpwrs_i                                0x08007530   Data          64  bigflt0.o(.constdata)
    locale$$data                             0x0800fda8   Section       28  lc_numeric_c.o(locale$$data)
    __lcnum_c_name                           0x0800fdac   Data           2  lc_numeric_c.o(locale$$data)
    __lcnum_c_start                          0x0800fdb4   Data           0  lc_numeric_c.o(locale$$data)
    __lcnum_c_point                          0x0800fdc0   Data           0  lc_numeric_c.o(locale$$data)
    __lcnum_c_thousands                      0x0800fdc2   Data           0  lc_numeric_c.o(locale$$data)
    __lcnum_c_grouping                       0x0800fdc3   Data           0  lc_numeric_c.o(locale$$data)
    __lcnum_c_end                            0x0800fdc4   Data           0  lc_numeric_c.o(locale$$data)
    .data                                    0x20000000   Section       12  stm32g4xx_hal.o(.data)
    .data                                    0x2000000c   Section        4  system_stm32g4xx.o(.data)
    .data                                    0x20000010   Section        2  delay.o(.data)
    sysClkFreq                               0x20000010   Data           2  delay.o(.data)
    .data                                    0x20000012   Section      547  oled_i2c.o(.data)
    .data                                    0x20000238   Section       12  myusart1.o(.data)
    .data                                    0x20000244   Section        4  myusart1.o(.data)
    .bss                                     0x20000248   Section      204  adc.o(.bss)
    .bss                                     0x20000314   Section       76  tim.o(.bss)
    .bss                                     0x20000360   Section      144  usart.o(.bss)
    .bss                                     0x200003f0   Section      100  myusart1.o(.bss)
    .bss                                     0x20000454   Section    14536  fft.o(.bss)
    .bss                                     0x20003d1c   Section       96  libspace.o(.bss)
    HEAP                                     0x20003d80   Section      512  startup_stm32g474xx.o(HEAP)
    Heap_Mem                                 0x20003d80   Data         512  startup_stm32g474xx.o(HEAP)
    STACK                                    0x20003f80   Section     1024  startup_stm32g474xx.o(STACK)
    Stack_Mem                                0x20003f80   Data        1024  startup_stm32g474xx.o(STACK)
    __initial_sp                             0x20004380   Data           0  startup_stm32g474xx.o(STACK)

    Global Symbols

    Symbol Name                              Value     Ov Type        Size  Object(Section)

    BuildAttributes$$THM_ISAv4$E$P$D$K$B$S$7EM$VFPi3$EXTD16$VFPS$VFMA$PE$A:L22UL41UL21$X:L11$S22US41US21$IEEE1$IW$USESV6$~STKCKD$USESV7$~SHL$OTIME$ROPI$IEEEX$EBA8$UX$STANDARDLIB$REQ8$PRES8$EABIv2 0x00000000   Number         0  anon$$obj.o ABSOLUTE
    __ARM_use_no_argv                        0x00000000   Number         0  main.o ABSOLUTE
    _printf_flags                            0x00000000   Number         0  printf_stubs.o ABSOLUTE
    _printf_return_value                     0x00000000   Number         0  printf_stubs.o ABSOLUTE
    _printf_sizespec                         0x00000000   Number         0  printf_stubs.o ABSOLUTE
    _printf_widthprec                        0x00000000   Number         0  printf_stubs.o ABSOLUTE
    __ARM_exceptions_init                     - Undefined Weak Reference
    __alloca_initialize                       - Undefined Weak Reference
    __arm_preinit_                            - Undefined Weak Reference
    __cpp_initialize__aeabi_                  - Undefined Weak Reference
    __cxa_finalize                            - Undefined Weak Reference
    __sigvec_lookup                           - Undefined Weak Reference
    _atexit_init                              - Undefined Weak Reference
    _call_atexit_fns                          - Undefined Weak Reference
    _clock_init                               - Undefined Weak Reference
    _fp_trap_init                             - Undefined Weak Reference
    _fp_trap_shutdown                         - Undefined Weak Reference
    _get_lc_collate                           - Undefined Weak Reference
    _get_lc_ctype                             - Undefined Weak Reference
    _get_lc_monetary                          - Undefined Weak Reference
    _get_lc_time                              - Undefined Weak Reference
    _getenv_init                              - Undefined Weak Reference
    _handle_redirection                       - Undefined Weak Reference
    _init_alloc                               - Undefined Weak Reference
    _init_user_alloc                          - Undefined Weak Reference
    _initio                                   - Undefined Weak Reference
    _mutex_acquire                            - Undefined Weak Reference
    _mutex_release                            - Undefined Weak Reference
    _printf_post_padding                      - Undefined Weak Reference
    _printf_pre_padding                       - Undefined Weak Reference
    _rand_init                                - Undefined Weak Reference
    _signal_finish                            - Undefined Weak Reference
    _signal_init                              - Undefined Weak Reference
    _terminate_alloc                          - Undefined Weak Reference
    _terminate_user_alloc                     - Undefined Weak Reference
    _terminateio                              - Undefined Weak Reference
    __Vectors_Size                           0x000001d8   Number         0  startup_stm32g474xx.o ABSOLUTE
    __Vectors                                0x08000000   Data           4  startup_stm32g474xx.o(RESET)
    __Vectors_End                            0x080001d8   Data           0  startup_stm32g474xx.o(RESET)
    __main                                   0x080001d9   Thumb Code     8  __main.o(!!!main)
    __scatterload                            0x080001e1   Thumb Code     0  __scatter.o(!!!scatter)
    __scatterload_rt2                        0x080001e1   Thumb Code    44  __scatter.o(!!!scatter)
    __scatterload_rt2_thumb_only             0x080001e1   Thumb Code     0  __scatter.o(!!!scatter)
    __scatterload_null                       0x080001ef   Thumb Code     0  __scatter.o(!!!scatter)
    __decompress                             0x08000215   Thumb Code    90  __dczerorl2.o(!!dczerorl2)
    __decompress1                            0x08000215   Thumb Code     0  __dczerorl2.o(!!dczerorl2)
    __scatterload_zeroinit                   0x08000271   Thumb Code    28  __scatter_zi.o(!!handler_zi)
    _printf_f                                0x0800028d   Thumb Code     0  _printf_f.o(.ARM.Collect$$_printf_percent$$00000003)
    _printf_percent                          0x0800028d   Thumb Code     0  _printf_percent.o(.ARM.Collect$$_printf_percent$$00000000)
    _printf_percent_end                      0x08000293   Thumb Code     0  _printf_percent_end.o(.ARM.Collect$$_printf_percent$$00000017)
    __rt_lib_init                            0x08000297   Thumb Code     0  libinit.o(.ARM.Collect$$libinit$$00000000)
    __rt_lib_init_fp_1                       0x08000299   Thumb Code     0  libinit2.o(.ARM.Collect$$libinit$$00000001)
    __rt_lib_init_heap_1                     0x0800029d   Thumb Code     0  libinit2.o(.ARM.Collect$$libinit$$0000000A)
    __rt_lib_init_lc_common                  0x0800029d   Thumb Code     0  libinit2.o(.ARM.Collect$$libinit$$0000000F)
    __rt_lib_init_preinit_1                  0x0800029d   Thumb Code     0  libinit2.o(.ARM.Collect$$libinit$$00000004)
    __rt_lib_init_rand_1                     0x0800029d   Thumb Code     0  libinit2.o(.ARM.Collect$$libinit$$0000000E)
    __rt_lib_init_user_alloc_1               0x0800029d   Thumb Code     0  libinit2.o(.ARM.Collect$$libinit$$0000000C)
    __rt_lib_init_lc_collate_1               0x080002a3   Thumb Code     0  libinit2.o(.ARM.Collect$$libinit$$00000011)
    __rt_lib_init_lc_ctype_1                 0x080002a3   Thumb Code     0  libinit2.o(.ARM.Collect$$libinit$$00000013)
    __rt_lib_init_lc_monetary_1              0x080002a3   Thumb Code     0  libinit2.o(.ARM.Collect$$libinit$$00000015)
    __rt_lib_init_lc_numeric_2               0x080002a3   Thumb Code     0  libinit2.o(.ARM.Collect$$libinit$$00000016)
    __rt_lib_init_alloca_1                   0x080002ad   Thumb Code     0  libinit2.o(.ARM.Collect$$libinit$$0000002E)
    __rt_lib_init_argv_1                     0x080002ad   Thumb Code     0  libinit2.o(.ARM.Collect$$libinit$$0000002C)
    __rt_lib_init_atexit_1                   0x080002ad   Thumb Code     0  libinit2.o(.ARM.Collect$$libinit$$0000001B)
    __rt_lib_init_clock_1                    0x080002ad   Thumb Code     0  libinit2.o(.ARM.Collect$$libinit$$00000021)
    __rt_lib_init_cpp_1                      0x080002ad   Thumb Code     0  libinit2.o(.ARM.Collect$$libinit$$00000032)
    __rt_lib_init_exceptions_1               0x080002ad   Thumb Code     0  libinit2.o(.ARM.Collect$$libinit$$00000030)
    __rt_lib_init_fp_trap_1                  0x080002ad   Thumb Code     0  libinit2.o(.ARM.Collect$$libinit$$0000001F)
    __rt_lib_init_getenv_1                   0x080002ad   Thumb Code     0  libinit2.o(.ARM.Collect$$libinit$$00000023)
    __rt_lib_init_lc_numeric_1               0x080002ad   Thumb Code     0  libinit2.o(.ARM.Collect$$libinit$$00000017)
    __rt_lib_init_lc_time_1                  0x080002ad   Thumb Code     0  libinit2.o(.ARM.Collect$$libinit$$00000019)
    __rt_lib_init_return                     0x080002ad   Thumb Code     0  libinit2.o(.ARM.Collect$$libinit$$00000033)
    __rt_lib_init_signal_1                   0x080002ad   Thumb Code     0  libinit2.o(.ARM.Collect$$libinit$$0000001D)
    __rt_lib_init_stdio_1                    0x080002ad   Thumb Code     0  libinit2.o(.ARM.Collect$$libinit$$00000025)
    __rt_lib_shutdown                        0x080002af   Thumb Code     0  libshutdown.o(.ARM.Collect$$libshutdown$$00000000)
    __rt_lib_shutdown_fp_trap_1              0x080002b1   Thumb Code     0  libshutdown2.o(.ARM.Collect$$libshutdown$$00000006)
    __rt_lib_shutdown_heap_1                 0x080002b1   Thumb Code     0  libshutdown2.o(.ARM.Collect$$libshutdown$$0000000E)
    __rt_lib_shutdown_return                 0x080002b1   Thumb Code     0  libshutdown2.o(.ARM.Collect$$libshutdown$$0000000F)
    __rt_lib_shutdown_signal_1               0x080002b1   Thumb Code     0  libshutdown2.o(.ARM.Collect$$libshutdown$$00000009)
    __rt_lib_shutdown_stdio_1                0x080002b1   Thumb Code     0  libshutdown2.o(.ARM.Collect$$libshutdown$$00000003)
    __rt_lib_shutdown_user_alloc_1           0x080002b1   Thumb Code     0  libshutdown2.o(.ARM.Collect$$libshutdown$$0000000B)
    __rt_entry                               0x080002b3   Thumb Code     0  __rtentry.o(.ARM.Collect$$rtentry$$00000000)
    __rt_entry_presh_1                       0x080002b3   Thumb Code     0  __rtentry2.o(.ARM.Collect$$rtentry$$00000002)
    __rt_entry_sh                            0x080002b3   Thumb Code     0  __rtentry4.o(.ARM.Collect$$rtentry$$00000004)
    __rt_entry_li                            0x080002b9   Thumb Code     0  __rtentry2.o(.ARM.Collect$$rtentry$$0000000A)
    __rt_entry_postsh_1                      0x080002b9   Thumb Code     0  __rtentry2.o(.ARM.Collect$$rtentry$$00000009)
    __rt_entry_main                          0x080002bd   Thumb Code     0  __rtentry2.o(.ARM.Collect$$rtentry$$0000000D)
    __rt_entry_postli_1                      0x080002bd   Thumb Code     0  __rtentry2.o(.ARM.Collect$$rtentry$$0000000C)
    __rt_exit                                0x080002c5   Thumb Code     0  rtexit.o(.ARM.Collect$$rtexit$$00000000)
    __rt_exit_ls                             0x080002c7   Thumb Code     0  rtexit2.o(.ARM.Collect$$rtexit$$00000003)
    __rt_exit_prels_1                        0x080002c7   Thumb Code     0  rtexit2.o(.ARM.Collect$$rtexit$$00000002)
    __rt_exit_exit                           0x080002cb   Thumb Code     0  rtexit2.o(.ARM.Collect$$rtexit$$00000004)
    Reset_Handler                            0x080002d1   Thumb Code     8  startup_stm32g474xx.o(.text)
    ADC1_2_IRQHandler                        0x080002eb   Thumb Code     0  startup_stm32g474xx.o(.text)
    ADC3_IRQHandler                          0x080002eb   Thumb Code     0  startup_stm32g474xx.o(.text)
    ADC4_IRQHandler                          0x080002eb   Thumb Code     0  startup_stm32g474xx.o(.text)
    ADC5_IRQHandler                          0x080002eb   Thumb Code     0  startup_stm32g474xx.o(.text)
    COMP1_2_3_IRQHandler                     0x080002eb   Thumb Code     0  startup_stm32g474xx.o(.text)
    COMP4_5_6_IRQHandler                     0x080002eb   Thumb Code     0  startup_stm32g474xx.o(.text)
    COMP7_IRQHandler                         0x080002eb   Thumb Code     0  startup_stm32g474xx.o(.text)
    CORDIC_IRQHandler                        0x080002eb   Thumb Code     0  startup_stm32g474xx.o(.text)
    CRS_IRQHandler                           0x080002eb   Thumb Code     0  startup_stm32g474xx.o(.text)
    DMA1_Channel2_IRQHandler                 0x080002eb   Thumb Code     0  startup_stm32g474xx.o(.text)
    DMA1_Channel3_IRQHandler                 0x080002eb   Thumb Code     0  startup_stm32g474xx.o(.text)
    DMA1_Channel4_IRQHandler                 0x080002eb   Thumb Code     0  startup_stm32g474xx.o(.text)
    DMA1_Channel5_IRQHandler                 0x080002eb   Thumb Code     0  startup_stm32g474xx.o(.text)
    DMA1_Channel6_IRQHandler                 0x080002eb   Thumb Code     0  startup_stm32g474xx.o(.text)
    DMA1_Channel7_IRQHandler                 0x080002eb   Thumb Code     0  startup_stm32g474xx.o(.text)
    DMA1_Channel8_IRQHandler                 0x080002eb   Thumb Code     0  startup_stm32g474xx.o(.text)
    DMA2_Channel1_IRQHandler                 0x080002eb   Thumb Code     0  startup_stm32g474xx.o(.text)
    DMA2_Channel2_IRQHandler                 0x080002eb   Thumb Code     0  startup_stm32g474xx.o(.text)
    DMA2_Channel3_IRQHandler                 0x080002eb   Thumb Code     0  startup_stm32g474xx.o(.text)
    DMA2_Channel4_IRQHandler                 0x080002eb   Thumb Code     0  startup_stm32g474xx.o(.text)
    DMA2_Channel5_IRQHandler                 0x080002eb   Thumb Code     0  startup_stm32g474xx.o(.text)
    DMA2_Channel6_IRQHandler                 0x080002eb   Thumb Code     0  startup_stm32g474xx.o(.text)
    DMA2_Channel7_IRQHandler                 0x080002eb   Thumb Code     0  startup_stm32g474xx.o(.text)
    DMA2_Channel8_IRQHandler                 0x080002eb   Thumb Code     0  startup_stm32g474xx.o(.text)
    DMAMUX_OVR_IRQHandler                    0x080002eb   Thumb Code     0  startup_stm32g474xx.o(.text)
    EXTI0_IRQHandler                         0x080002eb   Thumb Code     0  startup_stm32g474xx.o(.text)
    EXTI1_IRQHandler                         0x080002eb   Thumb Code     0  startup_stm32g474xx.o(.text)
    EXTI2_IRQHandler                         0x080002eb   Thumb Code     0  startup_stm32g474xx.o(.text)
    EXTI3_IRQHandler                         0x080002eb   Thumb Code     0  startup_stm32g474xx.o(.text)
    EXTI4_IRQHandler                         0x080002eb   Thumb Code     0  startup_stm32g474xx.o(.text)
    EXTI9_5_IRQHandler                       0x080002eb   Thumb Code     0  startup_stm32g474xx.o(.text)
    FDCAN1_IT0_IRQHandler                    0x080002eb   Thumb Code     0  startup_stm32g474xx.o(.text)
    FDCAN1_IT1_IRQHandler                    0x080002eb   Thumb Code     0  startup_stm32g474xx.o(.text)
    FDCAN2_IT0_IRQHandler                    0x080002eb   Thumb Code     0  startup_stm32g474xx.o(.text)
    FDCAN2_IT1_IRQHandler                    0x080002eb   Thumb Code     0  startup_stm32g474xx.o(.text)
    FDCAN3_IT0_IRQHandler                    0x080002eb   Thumb Code     0  startup_stm32g474xx.o(.text)
    FDCAN3_IT1_IRQHandler                    0x080002eb   Thumb Code     0  startup_stm32g474xx.o(.text)
    FLASH_IRQHandler                         0x080002eb   Thumb Code     0  startup_stm32g474xx.o(.text)
    FMAC_IRQHandler                          0x080002eb   Thumb Code     0  startup_stm32g474xx.o(.text)
    FMC_IRQHandler                           0x080002eb   Thumb Code     0  startup_stm32g474xx.o(.text)
    FPU_IRQHandler                           0x080002eb   Thumb Code     0  startup_stm32g474xx.o(.text)
    HRTIM1_FLT_IRQHandler                    0x080002eb   Thumb Code     0  startup_stm32g474xx.o(.text)
    HRTIM1_Master_IRQHandler                 0x080002eb   Thumb Code     0  startup_stm32g474xx.o(.text)
    HRTIM1_TIMA_IRQHandler                   0x080002eb   Thumb Code     0  startup_stm32g474xx.o(.text)
    HRTIM1_TIMB_IRQHandler                   0x080002eb   Thumb Code     0  startup_stm32g474xx.o(.text)
    HRTIM1_TIMC_IRQHandler                   0x080002eb   Thumb Code     0  startup_stm32g474xx.o(.text)
    HRTIM1_TIMD_IRQHandler                   0x080002eb   Thumb Code     0  startup_stm32g474xx.o(.text)
    HRTIM1_TIME_IRQHandler                   0x080002eb   Thumb Code     0  startup_stm32g474xx.o(.text)
    HRTIM1_TIMF_IRQHandler                   0x080002eb   Thumb Code     0  startup_stm32g474xx.o(.text)
    I2C1_ER_IRQHandler                       0x080002eb   Thumb Code     0  startup_stm32g474xx.o(.text)
    I2C1_EV_IRQHandler                       0x080002eb   Thumb Code     0  startup_stm32g474xx.o(.text)
    I2C2_ER_IRQHandler                       0x080002eb   Thumb Code     0  startup_stm32g474xx.o(.text)
    I2C2_EV_IRQHandler                       0x080002eb   Thumb Code     0  startup_stm32g474xx.o(.text)
    I2C3_ER_IRQHandler                       0x080002eb   Thumb Code     0  startup_stm32g474xx.o(.text)
    I2C3_EV_IRQHandler                       0x080002eb   Thumb Code     0  startup_stm32g474xx.o(.text)
    I2C4_ER_IRQHandler                       0x080002eb   Thumb Code     0  startup_stm32g474xx.o(.text)
    I2C4_EV_IRQHandler                       0x080002eb   Thumb Code     0  startup_stm32g474xx.o(.text)
    LPTIM1_IRQHandler                        0x080002eb   Thumb Code     0  startup_stm32g474xx.o(.text)
    LPUART1_IRQHandler                       0x080002eb   Thumb Code     0  startup_stm32g474xx.o(.text)
    PVD_PVM_IRQHandler                       0x080002eb   Thumb Code     0  startup_stm32g474xx.o(.text)
    QUADSPI_IRQHandler                       0x080002eb   Thumb Code     0  startup_stm32g474xx.o(.text)
    RCC_IRQHandler                           0x080002eb   Thumb Code     0  startup_stm32g474xx.o(.text)
    RNG_IRQHandler                           0x080002eb   Thumb Code     0  startup_stm32g474xx.o(.text)
    RTC_Alarm_IRQHandler                     0x080002eb   Thumb Code     0  startup_stm32g474xx.o(.text)
    RTC_TAMP_LSECSS_IRQHandler               0x080002eb   Thumb Code     0  startup_stm32g474xx.o(.text)
    RTC_WKUP_IRQHandler                      0x080002eb   Thumb Code     0  startup_stm32g474xx.o(.text)
    SAI1_IRQHandler                          0x080002eb   Thumb Code     0  startup_stm32g474xx.o(.text)
    SPI1_IRQHandler                          0x080002eb   Thumb Code     0  startup_stm32g474xx.o(.text)
    SPI2_IRQHandler                          0x080002eb   Thumb Code     0  startup_stm32g474xx.o(.text)
    SPI3_IRQHandler                          0x080002eb   Thumb Code     0  startup_stm32g474xx.o(.text)
    SPI4_IRQHandler                          0x080002eb   Thumb Code     0  startup_stm32g474xx.o(.text)
    TIM1_BRK_TIM15_IRQHandler                0x080002eb   Thumb Code     0  startup_stm32g474xx.o(.text)
    TIM1_CC_IRQHandler                       0x080002eb   Thumb Code     0  startup_stm32g474xx.o(.text)
    TIM1_TRG_COM_TIM17_IRQHandler            0x080002eb   Thumb Code     0  startup_stm32g474xx.o(.text)
    TIM1_UP_TIM16_IRQHandler                 0x080002eb   Thumb Code     0  startup_stm32g474xx.o(.text)
    TIM20_BRK_IRQHandler                     0x080002eb   Thumb Code     0  startup_stm32g474xx.o(.text)
    TIM20_CC_IRQHandler                      0x080002eb   Thumb Code     0  startup_stm32g474xx.o(.text)
    TIM20_TRG_COM_IRQHandler                 0x080002eb   Thumb Code     0  startup_stm32g474xx.o(.text)
    TIM20_UP_IRQHandler                      0x080002eb   Thumb Code     0  startup_stm32g474xx.o(.text)
    TIM2_IRQHandler                          0x080002eb   Thumb Code     0  startup_stm32g474xx.o(.text)
    TIM3_IRQHandler                          0x080002eb   Thumb Code     0  startup_stm32g474xx.o(.text)
    TIM4_IRQHandler                          0x080002eb   Thumb Code     0  startup_stm32g474xx.o(.text)
    TIM5_IRQHandler                          0x080002eb   Thumb Code     0  startup_stm32g474xx.o(.text)
    TIM6_DAC_IRQHandler                      0x080002eb   Thumb Code     0  startup_stm32g474xx.o(.text)
    TIM7_DAC_IRQHandler                      0x080002eb   Thumb Code     0  startup_stm32g474xx.o(.text)
    TIM8_BRK_IRQHandler                      0x080002eb   Thumb Code     0  startup_stm32g474xx.o(.text)
    TIM8_CC_IRQHandler                       0x080002eb   Thumb Code     0  startup_stm32g474xx.o(.text)
    TIM8_TRG_COM_IRQHandler                  0x080002eb   Thumb Code     0  startup_stm32g474xx.o(.text)
    TIM8_UP_IRQHandler                       0x080002eb   Thumb Code     0  startup_stm32g474xx.o(.text)
    UART4_IRQHandler                         0x080002eb   Thumb Code     0  startup_stm32g474xx.o(.text)
    UART5_IRQHandler                         0x080002eb   Thumb Code     0  startup_stm32g474xx.o(.text)
    UCPD1_IRQHandler                         0x080002eb   Thumb Code     0  startup_stm32g474xx.o(.text)
    USART2_IRQHandler                        0x080002eb   Thumb Code     0  startup_stm32g474xx.o(.text)
    USART3_IRQHandler                        0x080002eb   Thumb Code     0  startup_stm32g474xx.o(.text)
    USBWakeUp_IRQHandler                     0x080002eb   Thumb Code     0  startup_stm32g474xx.o(.text)
    USB_HP_IRQHandler                        0x080002eb   Thumb Code     0  startup_stm32g474xx.o(.text)
    USB_LP_IRQHandler                        0x080002eb   Thumb Code     0  startup_stm32g474xx.o(.text)
    WWDG_IRQHandler                          0x080002eb   Thumb Code     0  startup_stm32g474xx.o(.text)
    __user_initial_stackheap                 0x080002ed   Thumb Code     0  startup_stm32g474xx.o(.text)
    __aeabi_uldivmod                         0x08000311   Thumb Code     0  lludivv7m.o(.text)
    _ll_udiv                                 0x08000311   Thumb Code   238  lludivv7m.o(.text)
    __2printf                                0x08000401   Thumb Code    20  noretval__2printf.o(.text)
    __2sprintf                               0x08000419   Thumb Code    34  noretval__2sprintf.o(.text)
    __printf                                 0x08000441   Thumb Code   352  __printf_ss_wp.o(.text)
    strlen                                   0x080005a1   Thumb Code    62  strlen.o(.text)
    __aeabi_memclr4                          0x080005df   Thumb Code     0  rt_memclr_w.o(.text)
    __aeabi_memclr8                          0x080005df   Thumb Code     0  rt_memclr_w.o(.text)
    __rt_memclr_w                            0x080005df   Thumb Code    78  rt_memclr_w.o(.text)
    _memset_w                                0x080005e3   Thumb Code     0  rt_memclr_w.o(.text)
    __use_two_region_memory                  0x0800062d   Thumb Code     2  heapauxi.o(.text)
    __rt_heap_escrow$2region                 0x0800062f   Thumb Code     2  heapauxi.o(.text)
    __rt_heap_expand$2region                 0x08000631   Thumb Code     2  heapauxi.o(.text)
    __read_errno                             0x08000633   Thumb Code    10  _rserrno.o(.text)
    __set_errno                              0x0800063d   Thumb Code    12  _rserrno.o(.text)
    __lib_sel_fp_printf                      0x08000649   Thumb Code     2  _printf_fp_dec.o(.text)
    _printf_fp_dec_real                      0x080007f7   Thumb Code   620  _printf_fp_dec.o(.text)
    _printf_char_common                      0x08000a6f   Thumb Code    32  _printf_char_common.o(.text)
    _sputc                                   0x08000a95   Thumb Code    10  _sputc.o(.text)
    _printf_char_file                        0x08000aa1   Thumb Code    32  _printf_char_file.o(.text)
    __rt_locale                              0x08000ac5   Thumb Code     8  rt_locale_intlibspace.o(.text)
    __aeabi_errno_addr                       0x08000acd   Thumb Code     8  rt_errno_addr_intlibspace.o(.text)
    __errno$intlibspace                      0x08000acd   Thumb Code     0  rt_errno_addr_intlibspace.o(.text)
    __rt_errno_addr$intlibspace              0x08000acd   Thumb Code     0  rt_errno_addr_intlibspace.o(.text)
    _ll_udiv10                               0x08000ad5   Thumb Code   138  lludiv10.o(.text)
    _printf_fp_infnan                        0x08000b61   Thumb Code   112  _printf_fp_infnan.o(.text)
    _btod_etento                             0x08000be1   Thumb Code   216  bigflt0.o(.text)
    ferror                                   0x08000cbd   Thumb Code     8  ferror.o(.text)
    __user_libspace                          0x08000cc5   Thumb Code     8  libspace.o(.text)
    __user_perproc_libspace                  0x08000cc5   Thumb Code     0  libspace.o(.text)
    __user_perthread_libspace                0x08000cc5   Thumb Code     0  libspace.o(.text)
    __user_setup_stackheap                   0x08000ccd   Thumb Code    74  sys_stackheap_outer.o(.text)
    exit                                     0x08000d17   Thumb Code    12  exit.o(.text)
    strcmp                                   0x08000d25   Thumb Code   128  strcmpv7m.o(.text)
    _sys_exit                                0x08000da5   Thumb Code     8  sys_exit.o(.text)
    __I$use$semihosting                      0x08000db1   Thumb Code     0  use_no_semi.o(.text)
    __use_no_semihosting_swi                 0x08000db1   Thumb Code     2  use_no_semi.o(.text)
    __semihosting_library_function           0x08000db3   Thumb Code     0  indicate_semi.o(.text)
    arm_bitreversal_f32                      0x08000db5   Thumb Code   174  arm_bitreversal.o(.text.arm_bitreversal_f32)
    arm_cfft_radix4_f32                      0x08000e63   Thumb Code    66  arm_cfft_radix4_f32.o(.text.arm_cfft_radix4_f32)
    arm_cfft_radix4_init_f32                 0x08000ea5   Thumb Code   124  arm_cfft_radix4_init_f32.o(.text.arm_cfft_radix4_init_f32)
    arm_cmplx_mag_f32                        0x08000f21   Thumb Code   232  arm_cmplx_mag_f32.o(.text.arm_cmplx_mag_f32)
    arm_max_f32                              0x08001009   Thumb Code   288  arm_max_f32.o(.text.arm_max_f32)
    arm_radix4_butterfly_f32                 0x08001129   Thumb Code  1384  arm_cfft_radix4_f32.o(.text.arm_radix4_butterfly_f32)
    arm_radix4_butterfly_inverse_f32         0x08001691   Thumb Code  1434  arm_cfft_radix4_f32.o(.text.arm_radix4_butterfly_inverse_f32)
    _btod_d2e                                0x08001c2b   Thumb Code    62  btod.o(CL$$btod_d2e)
    _d2e_denorm_low                          0x08001c69   Thumb Code    70  btod.o(CL$$btod_d2e_denorm_low)
    _d2e_norm_op1                            0x08001caf   Thumb Code    96  btod.o(CL$$btod_d2e_norm_op1)
    __btod_div_common                        0x08001d0f   Thumb Code   696  btod.o(CL$$btod_div_common)
    _e2e                                     0x08002047   Thumb Code   198  btod.o(CL$$btod_e2e)
    _btod_ediv                               0x0800210d   Thumb Code    40  btod.o(CL$$btod_ediv)
    _btod_emul                               0x08002135   Thumb Code    40  btod.o(CL$$btod_emul)
    __btod_mult_common                       0x0800215d   Thumb Code   580  btod.o(CL$$btod_mult_common)
    ADC_DMAConvCplt                          0x080023a1   Thumb Code   104  stm32g4xx_hal_adc.o(i.ADC_DMAConvCplt)
    ADC_DMAError                             0x08002409   Thumb Code    26  stm32g4xx_hal_adc.o(i.ADC_DMAError)
    ADC_DMAHalfConvCplt                      0x08002423   Thumb Code    10  stm32g4xx_hal_adc.o(i.ADC_DMAHalfConvCplt)
    ADC_Enable                               0x0800242d   Thumb Code   110  stm32g4xx_hal_adc.o(i.ADC_Enable)
    ADC_Init                                 0x080024a1   Thumb Code    32  fft.o(i.ADC_Init)
    BackGround                               0x080024cd   Thumb Code   114  oled_i2c.o(i.BackGround)
    BusFault_Handler                         0x08002549   Thumb Code     2  stm32g4xx_it.o(i.BusFault_Handler)
    DMA1_Channel1_IRQHandler                 0x0800254d   Thumb Code     6  stm32g4xx_it.o(i.DMA1_Channel1_IRQHandler)
    DebugMon_Handler                         0x080025fb   Thumb Code     2  stm32g4xx_it.o(i.DebugMon_Handler)
    EXTI15_10_IRQHandler                     0x080025fd   Thumb Code     8  stm32g4xx_it.o(i.EXTI15_10_IRQHandler)
    Error_Handler                            0x08002605   Thumb Code     4  main.o(i.Error_Handler)
    Fre_Control                              0x08002609   Thumb Code   132  fft.o(i.Fre_Control)
    Get_Show_THD                             0x08002699   Thumb Code   416  fft.o(i.Get_Show_THD)
    Get_amp                                  0x08002851   Thumb Code   138  fft.o(i.Get_amp)
    HAL_ADCEx_MultiModeConfigChannel         0x08002901   Thumb Code   322  stm32g4xx_hal_adc_ex.o(i.HAL_ADCEx_MultiModeConfigChannel)
    HAL_ADC_ConfigChannel                    0x08002a5d   Thumb Code  1056  stm32g4xx_hal_adc.o(i.HAL_ADC_ConfigChannel)
    HAL_ADC_ConvCpltCallback                 0x08002eb9   Thumb Code    12  main.o(i.HAL_ADC_ConvCpltCallback)
    HAL_ADC_ConvHalfCpltCallback             0x08002ec9   Thumb Code     2  stm32g4xx_hal_adc.o(i.HAL_ADC_ConvHalfCpltCallback)
    HAL_ADC_ErrorCallback                    0x08002ecb   Thumb Code     2  stm32g4xx_hal_adc.o(i.HAL_ADC_ErrorCallback)
    HAL_ADC_Init                             0x08002ecd   Thumb Code   520  stm32g4xx_hal_adc.o(i.HAL_ADC_Init)
    HAL_ADC_MspInit                          0x08003105   Thumb Code   160  adc.o(i.HAL_ADC_MspInit)
    HAL_ADC_Start_DMA                        0x080031b1   Thumb Code   260  stm32g4xx_hal_adc.o(i.HAL_ADC_Start_DMA)
    HAL_DMA_Abort                            0x080032dd   Thumb Code   106  stm32g4xx_hal_dma.o(i.HAL_DMA_Abort)
    HAL_DMA_Abort_IT                         0x08003347   Thumb Code   120  stm32g4xx_hal_dma.o(i.HAL_DMA_Abort_IT)
    HAL_DMA_IRQHandler                       0x080033bf   Thumb Code   186  stm32g4xx_hal_dma.o(i.HAL_DMA_IRQHandler)
    HAL_DMA_Init                             0x08003479   Thumb Code   178  stm32g4xx_hal_dma.o(i.HAL_DMA_Init)
    HAL_DMA_Start_IT                         0x08003539   Thumb Code   140  stm32g4xx_hal_dma.o(i.HAL_DMA_Start_IT)
    HAL_GPIO_EXTI_Callback                   0x080035c5   Thumb Code     2  main.o(i.HAL_GPIO_EXTI_Callback)
    HAL_GPIO_EXTI_IRQHandler                 0x080035c9   Thumb Code    18  stm32g4xx_hal_gpio.o(i.HAL_GPIO_EXTI_IRQHandler)
    HAL_GPIO_Init                            0x080035e1   Thumb Code   550  stm32g4xx_hal_gpio.o(i.HAL_GPIO_Init)
    HAL_GPIO_ReadPin                         0x08003829   Thumb Code    10  stm32g4xx_hal_gpio.o(i.HAL_GPIO_ReadPin)
    HAL_GPIO_WritePin                        0x08003833   Thumb Code    10  stm32g4xx_hal_gpio.o(i.HAL_GPIO_WritePin)
    HAL_GetTick                              0x0800383d   Thumb Code     6  stm32g4xx_hal.o(i.HAL_GetTick)
    HAL_IncTick                              0x08003849   Thumb Code    12  stm32g4xx_hal.o(i.HAL_IncTick)
    HAL_Init                                 0x08003859   Thumb Code    30  stm32g4xx_hal.o(i.HAL_Init)
    HAL_InitTick                             0x08003879   Thumb Code    58  stm32g4xx_hal.o(i.HAL_InitTick)
    HAL_MspInit                              0x080038bd   Thumb Code    42  stm32g4xx_hal_msp.o(i.HAL_MspInit)
    HAL_NVIC_EnableIRQ                       0x080038ed   Thumb Code    26  stm32g4xx_hal_cortex.o(i.HAL_NVIC_EnableIRQ)
    HAL_NVIC_SetPriority                     0x08003909   Thumb Code    60  stm32g4xx_hal_cortex.o(i.HAL_NVIC_SetPriority)
    HAL_NVIC_SetPriorityGrouping             0x08003949   Thumb Code    26  stm32g4xx_hal_cortex.o(i.HAL_NVIC_SetPriorityGrouping)
    HAL_PWREx_ControlVoltageScaling          0x0800396d   Thumb Code   174  stm32g4xx_hal_pwr_ex.o(i.HAL_PWREx_ControlVoltageScaling)
    HAL_PWREx_DisableUCPDDeadBattery         0x08003a29   Thumb Code    12  stm32g4xx_hal_pwr_ex.o(i.HAL_PWREx_DisableUCPDDeadBattery)
    HAL_RCCEx_PeriphCLKConfig                0x08003a39   Thumb Code   758  stm32g4xx_hal_rcc_ex.o(i.HAL_RCCEx_PeriphCLKConfig)
    HAL_RCC_ClockConfig                      0x08003d39   Thumb Code   444  stm32g4xx_hal_rcc.o(i.HAL_RCC_ClockConfig)
    HAL_RCC_GetPCLK1Freq                     0x08003f15   Thumb Code    24  stm32g4xx_hal_rcc.o(i.HAL_RCC_GetPCLK1Freq)
    HAL_RCC_GetPCLK2Freq                     0x08003f39   Thumb Code    24  stm32g4xx_hal_rcc.o(i.HAL_RCC_GetPCLK2Freq)
    HAL_RCC_GetSysClockFreq                  0x08003f5d   Thumb Code    98  stm32g4xx_hal_rcc.o(i.HAL_RCC_GetSysClockFreq)
    HAL_RCC_OscConfig                        0x08003fcd   Thumb Code  1036  stm32g4xx_hal_rcc.o(i.HAL_RCC_OscConfig)
    HAL_SYSTICK_CLKSourceConfig              0x080043d9   Thumb Code    24  stm32g4xx_hal_cortex.o(i.HAL_SYSTICK_CLKSourceConfig)
    HAL_SYSTICK_Config                       0x080043f1   Thumb Code    40  stm32g4xx_hal_cortex.o(i.HAL_SYSTICK_Config)
    HAL_TIMEx_MasterConfigSynchronization    0x08004419   Thumb Code   150  stm32g4xx_hal_tim_ex.o(i.HAL_TIMEx_MasterConfigSynchronization)
    HAL_TIM_Base_Init                        0x080044d1   Thumb Code    98  stm32g4xx_hal_tim.o(i.HAL_TIM_Base_Init)
    HAL_TIM_Base_MspInit                     0x08004535   Thumb Code    30  tim.o(i.HAL_TIM_Base_MspInit)
    HAL_TIM_Base_Start                       0x0800455d   Thumb Code    96  stm32g4xx_hal_tim.o(i.HAL_TIM_Base_Start)
    HAL_TIM_ConfigClockSource                0x080045dd   Thumb Code   234  stm32g4xx_hal_tim.o(i.HAL_TIM_ConfigClockSource)
    HAL_UARTEx_DisableFifoMode               0x080046cd   Thumb Code    62  stm32g4xx_hal_uart_ex.o(i.HAL_UARTEx_DisableFifoMode)
    HAL_UARTEx_RxEventCallback               0x0800470b   Thumb Code     2  stm32g4xx_hal_uart.o(i.HAL_UARTEx_RxEventCallback)
    HAL_UARTEx_RxFifoFullCallback            0x0800470d   Thumb Code     2  stm32g4xx_hal_uart_ex.o(i.HAL_UARTEx_RxFifoFullCallback)
    HAL_UARTEx_SetRxFifoThreshold            0x0800470f   Thumb Code    76  stm32g4xx_hal_uart_ex.o(i.HAL_UARTEx_SetRxFifoThreshold)
    HAL_UARTEx_SetTxFifoThreshold            0x0800475b   Thumb Code    76  stm32g4xx_hal_uart_ex.o(i.HAL_UARTEx_SetTxFifoThreshold)
    HAL_UARTEx_TxFifoEmptyCallback           0x080047a7   Thumb Code     2  stm32g4xx_hal_uart_ex.o(i.HAL_UARTEx_TxFifoEmptyCallback)
    HAL_UARTEx_WakeupCallback                0x080047a9   Thumb Code     2  stm32g4xx_hal_uart_ex.o(i.HAL_UARTEx_WakeupCallback)
    HAL_UART_ErrorCallback                   0x080047ab   Thumb Code     2  stm32g4xx_hal_uart.o(i.HAL_UART_ErrorCallback)
    HAL_UART_IRQHandler                      0x080047ad   Thumb Code   722  stm32g4xx_hal_uart.o(i.HAL_UART_IRQHandler)
    HAL_UART_Init                            0x08004a8d   Thumb Code   106  stm32g4xx_hal_uart.o(i.HAL_UART_Init)
    HAL_UART_MspInit                         0x08004af9   Thumb Code   128  usart.o(i.HAL_UART_MspInit)
    HAL_UART_TxCpltCallback                  0x08004b85   Thumb Code     2  stm32g4xx_hal_uart.o(i.HAL_UART_TxCpltCallback)
    HardFault_Handler                        0x08004b87   Thumb Code     2  stm32g4xx_it.o(i.HardFault_Handler)
    I2C_WriteByte                            0x08004b89   Thumb Code    48  oled_i2c.o(i.I2C_WriteByte)
    IIC_Init                                 0x08004bb9   Thumb Code    28  myiic.o(i.IIC_Init)
    IIC_Send_Byte                            0x08004bd9   Thumb Code   116  myiic.o(i.IIC_Send_Byte)
    IIC_Start                                0x08004c51   Thumb Code    80  myiic.o(i.IIC_Start)
    IIC_Stop                                 0x08004ca5   Thumb Code    82  myiic.o(i.IIC_Stop)
    IIC_Wait_Ack                             0x08004cfd   Thumb Code   102  myiic.o(i.IIC_Wait_Ack)
    MX_ADC1_Init                             0x08004dcd   Thumb Code   142  adc.o(i.MX_ADC1_Init)
    MX_DMA_Init                              0x08004e65   Thumb Code    56  dma.o(i.MX_DMA_Init)
    MX_GPIO_Init                             0x08004ea1   Thumb Code   160  gpio.o(i.MX_GPIO_Init)
    MX_TIM3_Init                             0x08004f4d   Thumb Code    96  tim.o(i.MX_TIM3_Init)
    MX_USART1_UART_Init                      0x08004fb5   Thumb Code    94  usart.o(i.MX_USART1_UART_Init)
    MemManage_Handler                        0x0800501d   Thumb Code     2  stm32g4xx_it.o(i.MemManage_Handler)
    MyUSART1_IRQHandler                      0x08005021   Thumb Code    40  myusart1.o(i.MyUSART1_IRQHandler)
    MyUSART1_Init                            0x08005055   Thumb Code    16  myusart1.o(i.MyUSART1_Init)
    NMI_Handler                              0x08005069   Thumb Code     2  stm32g4xx_it.o(i.NMI_Handler)
    OLED_CLS                                 0x0800506b   Thumb Code     6  oled_i2c.o(i.OLED_CLS)
    OLED_Fill                                0x08005071   Thumb Code    56  oled_i2c.o(i.OLED_Fill)
    OLED_Init                                0x080050a9   Thumb Code   194  oled_i2c.o(i.OLED_Init)
    OLED_SetPos                              0x08005171   Thumb Code    38  oled_i2c.o(i.OLED_SetPos)
    OLED_ShowCN                              0x08005199   Thumb Code    66  oled_i2c.o(i.OLED_ShowCN)
    OLED_ShowChar                            0x080051e1   Thumb Code   116  oled_i2c.o(i.OLED_ShowChar)
    OLED_ShowFloat                           0x0800525d   Thumb Code    48  oled_i2c.o(i.OLED_ShowFloat)
    OLED_ShowStr                             0x08005295   Thumb Code   208  oled_i2c.o(i.OLED_ShowStr)
    PendSV_Handler                           0x0800536d   Thumb Code     2  stm32g4xx_it.o(i.PendSV_Handler)
    SVC_Handler                              0x0800536f   Thumb Code     2  stm32g4xx_it.o(i.SVC_Handler)
    SysTick_Handler                          0x08005371   Thumb Code     4  stm32g4xx_it.o(i.SysTick_Handler)
    SystemClock_Config                       0x08005375   Thumb Code   102  main.o(i.SystemClock_Config)
    SystemInit                               0x080053dd   Thumb Code    12  system_stm32g4xx.o(i.SystemInit)
    TIM_Base_SetConfig                       0x080053ed   Thumb Code   176  stm32g4xx_hal_tim.o(i.TIM_Base_SetConfig)
    TIM_ETR_SetConfig                        0x080054c1   Thumb Code    20  stm32g4xx_hal_tim.o(i.TIM_ETR_SetConfig)
    UART_AdvFeatureConfig                    0x08005575   Thumb Code   200  stm32g4xx_hal_uart.o(i.UART_AdvFeatureConfig)
    UART_CheckIdleState                      0x0800563d   Thumb Code    96  stm32g4xx_hal_uart.o(i.UART_CheckIdleState)
    UART_SetConfig                           0x08005705   Thumb Code   614  stm32g4xx_hal_uart.o(i.UART_SetConfig)
    UART_WaitOnFlagUntilTimeout              0x0800599d   Thumb Code   198  stm32g4xx_hal_uart.o(i.UART_WaitOnFlagUntilTimeout)
    USART1_IRQHandler                        0x08005a65   Thumb Code    18  stm32g4xx_it.o(i.USART1_IRQHandler)
    UsageFault_Handler                       0x08005a81   Thumb Code     2  stm32g4xx_it.o(i.UsageFault_Handler)
    WriteCmd                                 0x08005a83   Thumb Code     8  oled_i2c.o(i.WriteCmd)
    WriteDat                                 0x08005a8b   Thumb Code     8  oled_i2c.o(i.WriteDat)
    __ARM_fpclassify                         0x08005a93   Thumb Code    48  fpclassify.o(i.__ARM_fpclassify)
    __hardfp_sqrt                            0x08005ae3   Thumb Code   122  sqrt.o(i.__hardfp_sqrt)
    _is_digit                                0x08005b5d   Thumb Code    14  __printf_wp.o(i._is_digit)
    delay_init                               0x08005b6d   Thumb Code    16  delay.o(i.delay_init)
    delay_ms                                 0x08005b81   Thumb Code    10  delay.o(i.delay_ms)
    delay_us                                 0x08005b8d   Thumb Code    48  delay.o(i.delay_us)
    fft                                      0x08005bc1   Thumb Code   236  fft.o(i.fft)
    fft_getpeak                              0x08005cd5   Thumb Code   240  fft.o(i.fft_getpeak)
    fputc                                    0x08005dd1   Thumb Code    20  myusart1.o(i.fputc)
    main                                     0x08005ded   Thumb Code    58  main.o(i.main)
    sqrtf                                    0x08005e2d   Thumb Code    62  sqrtf.o(i.sqrtf)
    wave_determine                           0x08005e6d   Thumb Code   124  fft.o(i.wave_determine)
    wave_show                                0x08005f01   Thumb Code    66  oled_i2c.o(i.wave_show)
    _get_lc_numeric                          0x08005f45   Thumb Code    44  lc_numeric_c.o(locale$$code)
    __aeabi_d2f                              0x08005f71   Thumb Code     0  d2f.o(x$fpl$d2f)
    _d2f                                     0x08005f71   Thumb Code    98  d2f.o(x$fpl$d2f)
    __aeabi_dadd                             0x08005fd5   Thumb Code     0  daddsub_clz.o(x$fpl$dadd)
    _dadd                                    0x08005fd5   Thumb Code   332  daddsub_clz.o(x$fpl$dadd)
    __fpl_dcmp_Inf                           0x08006125   Thumb Code    24  dcmpi.o(x$fpl$dcmpinf)
    __aeabi_ddiv                             0x0800613d   Thumb Code     0  ddiv.o(x$fpl$ddiv)
    _ddiv                                    0x0800613d   Thumb Code   552  ddiv.o(x$fpl$ddiv)
    __aeabi_ui2d                             0x080063ed   Thumb Code     0  dflt_clz.o(x$fpl$dfltu)
    _dfltu                                   0x080063ed   Thumb Code    38  dflt_clz.o(x$fpl$dfltu)
    __aeabi_cdcmple                          0x08006415   Thumb Code     0  dleqf.o(x$fpl$dleqf)
    _dcmple                                  0x08006415   Thumb Code   120  dleqf.o(x$fpl$dleqf)
    __fpl_dcmple_InfNaN                      0x08006477   Thumb Code     0  dleqf.o(x$fpl$dleqf)
    __aeabi_dmul                             0x0800648d   Thumb Code     0  dmul.o(x$fpl$dmul)
    _dmul                                    0x0800648d   Thumb Code   332  dmul.o(x$fpl$dmul)
    __fpl_dnaninf                            0x080065e1   Thumb Code   156  dnaninf.o(x$fpl$dnaninf)
    __fpl_dretinf                            0x0800667d   Thumb Code    12  dretinf.o(x$fpl$dretinf)
    __aeabi_cdrcmple                         0x08006689   Thumb Code     0  drleqf.o(x$fpl$drleqf)
    _drcmple                                 0x08006689   Thumb Code   108  drleqf.o(x$fpl$drleqf)
    _dsqrt                                   0x080066f5   Thumb Code   404  dsqrt_umaal.o(x$fpl$dsqrt)
    __aeabi_dsub                             0x0800688d   Thumb Code     0  daddsub_clz.o(x$fpl$dsub)
    _dsub                                    0x0800688d   Thumb Code   464  daddsub_clz.o(x$fpl$dsub)
    __aeabi_f2d                              0x08006a61   Thumb Code     0  f2d.o(x$fpl$f2d)
    _f2d                                     0x08006a61   Thumb Code    86  f2d.o(x$fpl$f2d)
    __aeabi_fadd                             0x08006ab7   Thumb Code     0  faddsub_clz.o(x$fpl$fadd)
    _fadd                                    0x08006ab7   Thumb Code    18  faddsub_clz.o(x$fpl$fadd)
    __aeabi_fcmpeq                           0x08006ac9   Thumb Code     0  fcmp.o(x$fpl$fcmp)
    _feq                                     0x08006ac9   Thumb Code    14  fcmp.o(x$fpl$fcmp)
    _fneq                                    0x08006ad7   Thumb Code    14  fcmp.o(x$fpl$fcmp)
    __aeabi_fcmpgt                           0x08006ae5   Thumb Code     0  fcmp.o(x$fpl$fcmp)
    _fgr                                     0x08006ae5   Thumb Code    14  fcmp.o(x$fpl$fcmp)
    __aeabi_fcmpge                           0x08006af3   Thumb Code     0  fcmp.o(x$fpl$fcmp)
    _fgeq                                    0x08006af3   Thumb Code    14  fcmp.o(x$fpl$fcmp)
    __aeabi_fcmple                           0x08006b01   Thumb Code     0  fcmp.o(x$fpl$fcmp)
    _fleq                                    0x08006b01   Thumb Code    14  fcmp.o(x$fpl$fcmp)
    __aeabi_fcmplt                           0x08006b0f   Thumb Code     0  fcmp.o(x$fpl$fcmp)
    _fls                                     0x08006b0f   Thumb Code    14  fcmp.o(x$fpl$fcmp)
    __fpl_fcmp_Inf                           0x08006b1d   Thumb Code    24  fcmpi.o(x$fpl$fcmpinf)
    __aeabi_cfcmpeq                          0x08006b35   Thumb Code     0  feqf.o(x$fpl$feqf)
    _fcmpeq                                  0x08006b35   Thumb Code    48  feqf.o(x$fpl$feqf)
    _fcmpge                                  0x08006b65   Thumb Code    48  fgeqf.o(x$fpl$fgeqf)
    __aeabi_cfcmple                          0x08006b95   Thumb Code     0  fleqf.o(x$fpl$fleqf)
    _fcmple                                  0x08006b95   Thumb Code    48  fleqf.o(x$fpl$fleqf)
    __fpl_fcmple_InfNaN                      0x08006bad   Thumb Code     0  fleqf.o(x$fpl$fleqf)
    __aeabi_fmul                             0x08006bc5   Thumb Code     0  fmul.o(x$fpl$fmul)
    _fmul                                    0x08006bc5   Thumb Code    18  fmul.o(x$fpl$fmul)
    __fpl_fnaninf                            0x08006bd7   Thumb Code   140  fnaninf.o(x$fpl$fnaninf)
    _fp_init                                 0x08006c63   Thumb Code    10  fpinit.o(x$fpl$fpinit)
    __fplib_config_fpu_vfp                   0x08006c6b   Thumb Code     0  fpinit.o(x$fpl$fpinit)
    __fplib_config_pureend_doubles           0x08006c6b   Thumb Code     0  fpinit.o(x$fpl$fpinit)
    __fpl_fretinf                            0x08006c6d   Thumb Code    10  fretinf.o(x$fpl$fretinf)
    __aeabi_fsub                             0x08006c77   Thumb Code     0  faddsub_clz.o(x$fpl$fsub)
    _fsub                                    0x08006c77   Thumb Code    18  faddsub_clz.o(x$fpl$fsub)
    _printf_fp_dec                           0x08006c89   Thumb Code     4  printf1.o(x$fpl$printf1)
    UARTPrescTable                           0x08006c8c   Data          24  stm32g4xx_hal_uart.o(.constdata)
    __I$use$fp                               0x08006c8c   Number         0  usenofp.o(x$fpl$usenofp)
    AHBPrescTable                            0x08006cb4   Data          16  system_stm32g4xx.o(.constdata)
    APBPrescTable                            0x08006cc4   Data           8  system_stm32g4xx.o(.constdata)
    F6x8                                     0x08006cd4   Data         558  oled_i2c.o(.constdata)
    F8X16                                    0x08006f02   Data        1520  oled_i2c.o(.constdata)
    armBitRevTable                           0x08007588   Data        2048  arm_common_tables.o(.rodata.armBitRevTable)
    twiddleCoef_4096                         0x08007d88   Data       32768  arm_common_tables.o(.rodata.twiddleCoef_4096)
    Region$$Table$$Base                      0x0800fd88   Number         0  anon$$obj.o(Region$$Table)
    Region$$Table$$Limit                     0x0800fda8   Number         0  anon$$obj.o(Region$$Table)
    uwTickPrio                               0x20000000   Data           4  stm32g4xx_hal.o(.data)
    uwTickFreq                               0x20000004   Data           4  stm32g4xx_hal.o(.data)
    uwTick                                   0x20000008   Data           4  stm32g4xx_hal.o(.data)
    SystemCoreClock                          0x2000000c   Data           4  system_stm32g4xx.o(.data)
    RevState                                 0x20000012   Data           1  oled_i2c.o(.data)
    brightness                               0x20000013   Data           1  oled_i2c.o(.data)
    isScrolling                              0x20000014   Data           1  oled_i2c.o(.data)
    F16x16                                   0x20000015   Data         544  oled_i2c.o(.data)
    MyUSART1_bufferOverflowFlag              0x20000238   Data           1  myusart1.o(.data)
    MyUSART1_bufferPos                       0x2000023c   Data           4  myusart1.o(.data)
    MyUSART1_dummyHandle                     0x20000240   Data           4  myusart1.o(.data)
    __stdout                                 0x20000244   Data           4  myusart1.o(.data)
    hadc1                                    0x20000248   Data         108  adc.o(.bss)
    hdma_adc1                                0x200002b4   Data          96  adc.o(.bss)
    htim3                                    0x20000314   Data          76  tim.o(.bss)
    huart1                                   0x20000360   Data         144  usart.o(.bss)
    MyUSART1_buffer                          0x200003f0   Data         100  myusart1.o(.bss)
    ADC_GetValue                             0x20000454   Data        2048  fft.o(.bss)
    fft_inputbuf                             0x20000c54   Data        8192  fft.o(.bss)
    fft_outputbuf                            0x20002c54   Data        4096  fft.o(.bss)
    freamp                                   0x20003c54   Data         200  fft.o(.bss)
    __libspace_start                         0x20003d1c   Data          96  libspace.o(.bss)
    __temporary_stack_top$libspace           0x20003d7c   Data           0  libspace.o(.bss)



==============================================================================

Memory Map of the image

  Image Entry point : 0x080001d9

  Load Region LR_IROM1 (Base: 0x08000000, Size: 0x0001000c, Max: 0x00080000, ABSOLUTE, COMPRESSED[0x0000ff80])

    Execution Region ER_IROM1 (Exec base: 0x08000000, Load base: 0x08000000, Size: 0x0000fdc4, Max: 0x00080000, ABSOLUTE)

    Exec Addr    Load Addr    Size         Type   Attr      Idx    E Section Name        Object

    0x08000000   0x08000000   0x000001d8   Data   RO            3    RESET               startup_stm32g474xx.o
    0x080001d8   0x080001d8   0x00000008   Code   RO         4981  * !!!main             c_w.l(__main.o)
    0x080001e0   0x080001e0   0x00000034   Code   RO         5454    !!!scatter          c_w.l(__scatter.o)
    0x08000214   0x08000214   0x0000005a   Code   RO         5452    !!dczerorl2         c_w.l(__dczerorl2.o)
    0x0800026e   0x0800026e   0x00000002   PAD
    0x08000270   0x08000270   0x0000001c   Code   RO         5456    !!handler_zi        c_w.l(__scatter_zi.o)
    0x0800028c   0x0800028c   0x00000000   Code   RO         4974    .ARM.Collect$$_printf_percent$$00000000  c_w.l(_printf_percent.o)
    0x0800028c   0x0800028c   0x00000006   Code   RO         4973    .ARM.Collect$$_printf_percent$$00000003  c_w.l(_printf_f.o)
    0x08000292   0x08000292   0x00000004   Code   RO         5146    .ARM.Collect$$_printf_percent$$00000017  c_w.l(_printf_percent_end.o)
    0x08000296   0x08000296   0x00000002   Code   RO         5322    .ARM.Collect$$libinit$$00000000  c_w.l(libinit.o)
    0x08000298   0x08000298   0x00000004   Code   RO         5323    .ARM.Collect$$libinit$$00000001  c_w.l(libinit2.o)
    0x0800029c   0x0800029c   0x00000000   Code   RO         5326    .ARM.Collect$$libinit$$00000004  c_w.l(libinit2.o)
    0x0800029c   0x0800029c   0x00000000   Code   RO         5329    .ARM.Collect$$libinit$$0000000A  c_w.l(libinit2.o)
    0x0800029c   0x0800029c   0x00000000   Code   RO         5331    .ARM.Collect$$libinit$$0000000C  c_w.l(libinit2.o)
    0x0800029c   0x0800029c   0x00000000   Code   RO         5333    .ARM.Collect$$libinit$$0000000E  c_w.l(libinit2.o)
    0x0800029c   0x0800029c   0x00000006   Code   RO         5334    .ARM.Collect$$libinit$$0000000F  c_w.l(libinit2.o)
    0x080002a2   0x080002a2   0x00000000   Code   RO         5336    .ARM.Collect$$libinit$$00000011  c_w.l(libinit2.o)
    0x080002a2   0x080002a2   0x00000000   Code   RO         5338    .ARM.Collect$$libinit$$00000013  c_w.l(libinit2.o)
    0x080002a2   0x080002a2   0x00000000   Code   RO         5340    .ARM.Collect$$libinit$$00000015  c_w.l(libinit2.o)
    0x080002a2   0x080002a2   0x0000000a   Code   RO         5341    .ARM.Collect$$libinit$$00000016  c_w.l(libinit2.o)
    0x080002ac   0x080002ac   0x00000000   Code   RO         5342    .ARM.Collect$$libinit$$00000017  c_w.l(libinit2.o)
    0x080002ac   0x080002ac   0x00000000   Code   RO         5344    .ARM.Collect$$libinit$$00000019  c_w.l(libinit2.o)
    0x080002ac   0x080002ac   0x00000000   Code   RO         5346    .ARM.Collect$$libinit$$0000001B  c_w.l(libinit2.o)
    0x080002ac   0x080002ac   0x00000000   Code   RO         5348    .ARM.Collect$$libinit$$0000001D  c_w.l(libinit2.o)
    0x080002ac   0x080002ac   0x00000000   Code   RO         5350    .ARM.Collect$$libinit$$0000001F  c_w.l(libinit2.o)
    0x080002ac   0x080002ac   0x00000000   Code   RO         5352    .ARM.Collect$$libinit$$00000021  c_w.l(libinit2.o)
    0x080002ac   0x080002ac   0x00000000   Code   RO         5354    .ARM.Collect$$libinit$$00000023  c_w.l(libinit2.o)
    0x080002ac   0x080002ac   0x00000000   Code   RO         5356    .ARM.Collect$$libinit$$00000025  c_w.l(libinit2.o)
    0x080002ac   0x080002ac   0x00000000   Code   RO         5360    .ARM.Collect$$libinit$$0000002C  c_w.l(libinit2.o)
    0x080002ac   0x080002ac   0x00000000   Code   RO         5362    .ARM.Collect$$libinit$$0000002E  c_w.l(libinit2.o)
    0x080002ac   0x080002ac   0x00000000   Code   RO         5364    .ARM.Collect$$libinit$$00000030  c_w.l(libinit2.o)
    0x080002ac   0x080002ac   0x00000000   Code   RO         5366    .ARM.Collect$$libinit$$00000032  c_w.l(libinit2.o)
    0x080002ac   0x080002ac   0x00000002   Code   RO         5367    .ARM.Collect$$libinit$$00000033  c_w.l(libinit2.o)
    0x080002ae   0x080002ae   0x00000002   Code   RO         5418    .ARM.Collect$$libshutdown$$00000000  c_w.l(libshutdown.o)
    0x080002b0   0x080002b0   0x00000000   Code   RO         5437    .ARM.Collect$$libshutdown$$00000003  c_w.l(libshutdown2.o)
    0x080002b0   0x080002b0   0x00000000   Code   RO         5440    .ARM.Collect$$libshutdown$$00000006  c_w.l(libshutdown2.o)
    0x080002b0   0x080002b0   0x00000000   Code   RO         5443    .ARM.Collect$$libshutdown$$00000009  c_w.l(libshutdown2.o)
    0x080002b0   0x080002b0   0x00000000   Code   RO         5445    .ARM.Collect$$libshutdown$$0000000B  c_w.l(libshutdown2.o)
    0x080002b0   0x080002b0   0x00000000   Code   RO         5448    .ARM.Collect$$libshutdown$$0000000E  c_w.l(libshutdown2.o)
    0x080002b0   0x080002b0   0x00000002   Code   RO         5449    .ARM.Collect$$libshutdown$$0000000F  c_w.l(libshutdown2.o)
    0x080002b2   0x080002b2   0x00000000   Code   RO         5131    .ARM.Collect$$rtentry$$00000000  c_w.l(__rtentry.o)
    0x080002b2   0x080002b2   0x00000000   Code   RO         5232    .ARM.Collect$$rtentry$$00000002  c_w.l(__rtentry2.o)
    0x080002b2   0x080002b2   0x00000006   Code   RO         5244    .ARM.Collect$$rtentry$$00000004  c_w.l(__rtentry4.o)
    0x080002b8   0x080002b8   0x00000000   Code   RO         5234    .ARM.Collect$$rtentry$$00000009  c_w.l(__rtentry2.o)
    0x080002b8   0x080002b8   0x00000004   Code   RO         5235    .ARM.Collect$$rtentry$$0000000A  c_w.l(__rtentry2.o)
    0x080002bc   0x080002bc   0x00000000   Code   RO         5237    .ARM.Collect$$rtentry$$0000000C  c_w.l(__rtentry2.o)
    0x080002bc   0x080002bc   0x00000008   Code   RO         5238    .ARM.Collect$$rtentry$$0000000D  c_w.l(__rtentry2.o)
    0x080002c4   0x080002c4   0x00000002   Code   RO         5370    .ARM.Collect$$rtexit$$00000000  c_w.l(rtexit.o)
    0x080002c6   0x080002c6   0x00000000   Code   RO         5387    .ARM.Collect$$rtexit$$00000002  c_w.l(rtexit2.o)
    0x080002c6   0x080002c6   0x00000004   Code   RO         5388    .ARM.Collect$$rtexit$$00000003  c_w.l(rtexit2.o)
    0x080002ca   0x080002ca   0x00000006   Code   RO         5389    .ARM.Collect$$rtexit$$00000004  c_w.l(rtexit2.o)
    0x080002d0   0x080002d0   0x00000040   Code   RO            4    .text               startup_stm32g474xx.o
    0x08000310   0x08000310   0x000000ee   Code   RO         4941    .text               c_w.l(lludivv7m.o)
    0x080003fe   0x080003fe   0x00000002   PAD
    0x08000400   0x08000400   0x00000018   Code   RO         4947    .text               c_w.l(noretval__2printf.o)
    0x08000418   0x08000418   0x00000028   Code   RO         4949    .text               c_w.l(noretval__2sprintf.o)
    0x08000440   0x08000440   0x00000160   Code   RO         4968    .text               c_w.l(__printf_ss_wp.o)
    0x080005a0   0x080005a0   0x0000003e   Code   RO         4975    .text               c_w.l(strlen.o)
    0x080005de   0x080005de   0x0000004e   Code   RO         4977    .text               c_w.l(rt_memclr_w.o)
    0x0800062c   0x0800062c   0x00000006   Code   RO         4979    .text               c_w.l(heapauxi.o)
    0x08000632   0x08000632   0x00000016   Code   RO         5136    .text               c_w.l(_rserrno.o)
    0x08000648   0x08000648   0x0000041a   Code   RO         5138    .text               c_w.l(_printf_fp_dec.o)
    0x08000a62   0x08000a62   0x00000002   PAD
    0x08000a64   0x08000a64   0x00000030   Code   RO         5140    .text               c_w.l(_printf_char_common.o)
    0x08000a94   0x08000a94   0x0000000a   Code   RO         5142    .text               c_w.l(_sputc.o)
    0x08000a9e   0x08000a9e   0x00000002   PAD
    0x08000aa0   0x08000aa0   0x00000024   Code   RO         5144    .text               c_w.l(_printf_char_file.o)
    0x08000ac4   0x08000ac4   0x00000008   Code   RO         5251    .text               c_w.l(rt_locale_intlibspace.o)
    0x08000acc   0x08000acc   0x00000008   Code   RO         5256    .text               c_w.l(rt_errno_addr_intlibspace.o)
    0x08000ad4   0x08000ad4   0x0000008a   Code   RO         5258    .text               c_w.l(lludiv10.o)
    0x08000b5e   0x08000b5e   0x00000002   PAD
    0x08000b60   0x08000b60   0x00000080   Code   RO         5260    .text               c_w.l(_printf_fp_infnan.o)
    0x08000be0   0x08000be0   0x000000dc   Code   RO         5264    .text               c_w.l(bigflt0.o)
    0x08000cbc   0x08000cbc   0x00000008   Code   RO         5289    .text               c_w.l(ferror.o)
    0x08000cc4   0x08000cc4   0x00000008   Code   RO         5304    .text               c_w.l(libspace.o)
    0x08000ccc   0x08000ccc   0x0000004a   Code   RO         5307    .text               c_w.l(sys_stackheap_outer.o)
    0x08000d16   0x08000d16   0x0000000c   Code   RO         5309    .text               c_w.l(exit.o)
    0x08000d22   0x08000d22   0x00000002   PAD
    0x08000d24   0x08000d24   0x00000080   Code   RO         5315    .text               c_w.l(strcmpv7m.o)
    0x08000da4   0x08000da4   0x0000000c   Code   RO         5384    .text               c_w.l(sys_exit.o)
    0x08000db0   0x08000db0   0x00000002   Code   RO         5405    .text               c_w.l(use_no_semi.o)
    0x08000db2   0x08000db2   0x00000000   Code   RO         5407    .text               c_w.l(indicate_semi.o)
    0x08000db2   0x08000db2   0x00000002   PAD
    0x08000db4   0x08000db4   0x000000ae   Code   RO         4830    .text.arm_bitreversal_f32  arm_cortexM4l_math.lib(arm_bitreversal.o)
    0x08000e62   0x08000e62   0x00000042   Code   RO         4795    .text.arm_cfft_radix4_f32  arm_cortexM4l_math.lib(arm_cfft_radix4_f32.o)
    0x08000ea4   0x08000ea4   0x0000007c   Code   RO         4810    .text.arm_cfft_radix4_init_f32  arm_cortexM4l_math.lib(arm_cfft_radix4_init_f32.o)
    0x08000f20   0x08000f20   0x000000e8   Code   RO         4785    .text.arm_cmplx_mag_f32  arm_cortexM4l_math.lib(arm_cmplx_mag_f32.o)
    0x08001008   0x08001008   0x00000120   Code   RO         4820    .text.arm_max_f32   arm_cortexM4l_math.lib(arm_max_f32.o)
    0x08001128   0x08001128   0x00000568   Code   RO         4799    .text.arm_radix4_butterfly_f32  arm_cortexM4l_math.lib(arm_cfft_radix4_f32.o)
    0x08001690   0x08001690   0x0000059a   Code   RO         4797    .text.arm_radix4_butterfly_inverse_f32  arm_cortexM4l_math.lib(arm_cfft_radix4_f32.o)
    0x08001c2a   0x08001c2a   0x0000003e   Code   RO         5267    CL$$btod_d2e        c_w.l(btod.o)
    0x08001c68   0x08001c68   0x00000046   Code   RO         5269    CL$$btod_d2e_denorm_low  c_w.l(btod.o)
    0x08001cae   0x08001cae   0x00000060   Code   RO         5268    CL$$btod_d2e_norm_op1  c_w.l(btod.o)
    0x08001d0e   0x08001d0e   0x00000338   Code   RO         5277    CL$$btod_div_common  c_w.l(btod.o)
    0x08002046   0x08002046   0x000000c6   Code   RO         5274    CL$$btod_e2e        c_w.l(btod.o)
    0x0800210c   0x0800210c   0x00000028   Code   RO         5271    CL$$btod_ediv       c_w.l(btod.o)
    0x08002134   0x08002134   0x00000028   Code   RO         5270    CL$$btod_emul       c_w.l(btod.o)
    0x0800215c   0x0800215c   0x00000244   Code   RO         5276    CL$$btod_mult_common  c_w.l(btod.o)
    0x080023a0   0x080023a0   0x00000068   Code   RO          513    i.ADC_DMAConvCplt   stm32g4xx_hal_adc.o
    0x08002408   0x08002408   0x0000001a   Code   RO          514    i.ADC_DMAError      stm32g4xx_hal_adc.o
    0x08002422   0x08002422   0x0000000a   Code   RO          515    i.ADC_DMAHalfConvCplt  stm32g4xx_hal_adc.o
    0x0800242c   0x0800242c   0x00000074   Code   RO          517    i.ADC_Enable        stm32g4xx_hal_adc.o
    0x080024a0   0x080024a0   0x0000002c   Code   RO         4622    i.ADC_Init          fft.o
    0x080024cc   0x080024cc   0x0000007c   Code   RO         4287    i.BackGround        oled_i2c.o
    0x08002548   0x08002548   0x00000002   Code   RO          394    i.BusFault_Handler  stm32g4xx_it.o
    0x0800254a   0x0800254a   0x00000002   PAD
    0x0800254c   0x0800254c   0x0000000c   Code   RO          395    i.DMA1_Channel1_IRQHandler  stm32g4xx_it.o
    0x08002558   0x08002558   0x00000040   Code   RO         1808    i.DMA_CalcDMAMUXChannelBaseAndMask  stm32g4xx_hal_dma.o
    0x08002598   0x08002598   0x00000024   Code   RO         1809    i.DMA_CalcDMAMUXRequestGenBaseAndMask  stm32g4xx_hal_dma.o
    0x080025bc   0x080025bc   0x0000003e   Code   RO         1810    i.DMA_SetConfig     stm32g4xx_hal_dma.o
    0x080025fa   0x080025fa   0x00000002   Code   RO          396    i.DebugMon_Handler  stm32g4xx_it.o
    0x080025fc   0x080025fc   0x00000008   Code   RO          397    i.EXTI15_10_IRQHandler  stm32g4xx_it.o
    0x08002604   0x08002604   0x00000004   Code   RO           13    i.Error_Handler     main.o
    0x08002608   0x08002608   0x00000090   Code   RO         4623    i.Fre_Control       fft.o
    0x08002698   0x08002698   0x000001b8   Code   RO         4624    i.Get_Show_THD      fft.o
    0x08002850   0x08002850   0x000000b0   Code   RO         4625    i.Get_amp           fft.o
    0x08002900   0x08002900   0x0000015c   Code   RO          767    i.HAL_ADCEx_MultiModeConfigChannel  stm32g4xx_hal_adc_ex.o
    0x08002a5c   0x08002a5c   0x0000045c   Code   RO          519    i.HAL_ADC_ConfigChannel  stm32g4xx_hal_adc.o
    0x08002eb8   0x08002eb8   0x00000010   Code   RO           14    i.HAL_ADC_ConvCpltCallback  main.o
    0x08002ec8   0x08002ec8   0x00000002   Code   RO          521    i.HAL_ADC_ConvHalfCpltCallback  stm32g4xx_hal_adc.o
    0x08002eca   0x08002eca   0x00000002   Code   RO          523    i.HAL_ADC_ErrorCallback  stm32g4xx_hal_adc.o
    0x08002ecc   0x08002ecc   0x00000238   Code   RO          528    i.HAL_ADC_Init      stm32g4xx_hal_adc.o
    0x08003104   0x08003104   0x000000ac   Code   RO          245    i.HAL_ADC_MspInit   adc.o
    0x080031b0   0x080031b0   0x0000012c   Code   RO          536    i.HAL_ADC_Start_DMA  stm32g4xx_hal_adc.o
    0x080032dc   0x080032dc   0x0000006a   Code   RO         1811    i.HAL_DMA_Abort     stm32g4xx_hal_dma.o
    0x08003346   0x08003346   0x00000078   Code   RO         1812    i.HAL_DMA_Abort_IT  stm32g4xx_hal_dma.o
    0x080033be   0x080033be   0x000000ba   Code   RO         1816    i.HAL_DMA_IRQHandler  stm32g4xx_hal_dma.o
    0x08003478   0x08003478   0x000000c0   Code   RO         1817    i.HAL_DMA_Init      stm32g4xx_hal_dma.o
    0x08003538   0x08003538   0x0000008c   Code   RO         1821    i.HAL_DMA_Start_IT  stm32g4xx_hal_dma.o
    0x080035c4   0x080035c4   0x00000002   Code   RO           15    i.HAL_GPIO_EXTI_Callback  main.o
    0x080035c6   0x080035c6   0x00000002   PAD
    0x080035c8   0x080035c8   0x00000018   Code   RO         1672    i.HAL_GPIO_EXTI_IRQHandler  stm32g4xx_hal_gpio.o
    0x080035e0   0x080035e0   0x00000248   Code   RO         1673    i.HAL_GPIO_Init     stm32g4xx_hal_gpio.o
    0x08003828   0x08003828   0x0000000a   Code   RO         1675    i.HAL_GPIO_ReadPin  stm32g4xx_hal_gpio.o
    0x08003832   0x08003832   0x0000000a   Code   RO         1677    i.HAL_GPIO_WritePin  stm32g4xx_hal_gpio.o
    0x0800383c   0x0800383c   0x0000000c   Code   RO          970    i.HAL_GetTick       stm32g4xx_hal.o
    0x08003848   0x08003848   0x00000010   Code   RO          973    i.HAL_IncTick       stm32g4xx_hal.o
    0x08003858   0x08003858   0x0000001e   Code   RO          974    i.HAL_Init          stm32g4xx_hal.o
    0x08003876   0x08003876   0x00000002   PAD
    0x08003878   0x08003878   0x00000044   Code   RO          975    i.HAL_InitTick      stm32g4xx_hal.o
    0x080038bc   0x080038bc   0x00000030   Code   RO          488    i.HAL_MspInit       stm32g4xx_hal_msp.o
    0x080038ec   0x080038ec   0x0000001a   Code   RO         2320    i.HAL_NVIC_EnableIRQ  stm32g4xx_hal_cortex.o
    0x08003906   0x08003906   0x00000002   PAD
    0x08003908   0x08003908   0x00000040   Code   RO         2326    i.HAL_NVIC_SetPriority  stm32g4xx_hal_cortex.o
    0x08003948   0x08003948   0x00000024   Code   RO         2327    i.HAL_NVIC_SetPriorityGrouping  stm32g4xx_hal_cortex.o
    0x0800396c   0x0800396c   0x000000bc   Code   RO         2076    i.HAL_PWREx_ControlVoltageScaling  stm32g4xx_hal_pwr_ex.o
    0x08003a28   0x08003a28   0x00000010   Code   RO         2088    i.HAL_PWREx_DisableUCPDDeadBattery  stm32g4xx_hal_pwr_ex.o
    0x08003a38   0x08003a38   0x00000300   Code   RO         1319    i.HAL_RCCEx_PeriphCLKConfig  stm32g4xx_hal_rcc_ex.o
    0x08003d38   0x08003d38   0x000001dc   Code   RO         1194    i.HAL_RCC_ClockConfig  stm32g4xx_hal_rcc.o
    0x08003f14   0x08003f14   0x00000024   Code   RO         1202    i.HAL_RCC_GetPCLK1Freq  stm32g4xx_hal_rcc.o
    0x08003f38   0x08003f38   0x00000024   Code   RO         1203    i.HAL_RCC_GetPCLK2Freq  stm32g4xx_hal_rcc.o
    0x08003f5c   0x08003f5c   0x00000070   Code   RO         1204    i.HAL_RCC_GetSysClockFreq  stm32g4xx_hal_rcc.o
    0x08003fcc   0x08003fcc   0x0000040c   Code   RO         1207    i.HAL_RCC_OscConfig  stm32g4xx_hal_rcc.o
    0x080043d8   0x080043d8   0x00000018   Code   RO         2329    i.HAL_SYSTICK_CLKSourceConfig  stm32g4xx_hal_cortex.o
    0x080043f0   0x080043f0   0x00000028   Code   RO         2331    i.HAL_SYSTICK_Config  stm32g4xx_hal_cortex.o
    0x08004418   0x08004418   0x000000b8   Code   RO         3208    i.HAL_TIMEx_MasterConfigSynchronization  stm32g4xx_hal_tim_ex.o
    0x080044d0   0x080044d0   0x00000062   Code   RO         2452    i.HAL_TIM_Base_Init  stm32g4xx_hal_tim.o
    0x08004532   0x08004532   0x00000002   PAD
    0x08004534   0x08004534   0x00000028   Code   RO          311    i.HAL_TIM_Base_MspInit  tim.o
    0x0800455c   0x0800455c   0x00000080   Code   RO         2455    i.HAL_TIM_Base_Start  stm32g4xx_hal_tim.o
    0x080045dc   0x080045dc   0x000000f0   Code   RO         2461    i.HAL_TIM_ConfigClockSource  stm32g4xx_hal_tim.o
    0x080046cc   0x080046cc   0x0000003e   Code   RO         4015    i.HAL_UARTEx_DisableFifoMode  stm32g4xx_hal_uart_ex.o
    0x0800470a   0x0800470a   0x00000002   Code   RO         3604    i.HAL_UARTEx_RxEventCallback  stm32g4xx_hal_uart.o
    0x0800470c   0x0800470c   0x00000002   Code   RO         4022    i.HAL_UARTEx_RxFifoFullCallback  stm32g4xx_hal_uart_ex.o
    0x0800470e   0x0800470e   0x0000004c   Code   RO         4023    i.HAL_UARTEx_SetRxFifoThreshold  stm32g4xx_hal_uart_ex.o
    0x0800475a   0x0800475a   0x0000004c   Code   RO         4024    i.HAL_UARTEx_SetTxFifoThreshold  stm32g4xx_hal_uart_ex.o
    0x080047a6   0x080047a6   0x00000002   Code   RO         4026    i.HAL_UARTEx_TxFifoEmptyCallback  stm32g4xx_hal_uart_ex.o
    0x080047a8   0x080047a8   0x00000002   Code   RO         4027    i.HAL_UARTEx_WakeupCallback  stm32g4xx_hal_uart_ex.o
    0x080047aa   0x080047aa   0x00000002   Code   RO         3620    i.HAL_UART_ErrorCallback  stm32g4xx_hal_uart.o
    0x080047ac   0x080047ac   0x000002e0   Code   RO         3623    i.HAL_UART_IRQHandler  stm32g4xx_hal_uart.o
    0x08004a8c   0x08004a8c   0x0000006a   Code   RO         3624    i.HAL_UART_Init     stm32g4xx_hal_uart.o
    0x08004af6   0x08004af6   0x00000002   PAD
    0x08004af8   0x08004af8   0x0000008c   Code   RO          353    i.HAL_UART_MspInit  usart.o
    0x08004b84   0x08004b84   0x00000002   Code   RO         3636    i.HAL_UART_TxCpltCallback  stm32g4xx_hal_uart.o
    0x08004b86   0x08004b86   0x00000002   Code   RO          398    i.HardFault_Handler  stm32g4xx_it.o
    0x08004b88   0x08004b88   0x00000030   Code   RO         4288    i.I2C_WriteByte     oled_i2c.o
    0x08004bb8   0x08004bb8   0x00000020   Code   RO         4219    i.IIC_Init          myiic.o
    0x08004bd8   0x08004bd8   0x00000078   Code   RO         4222    i.IIC_Send_Byte     myiic.o
    0x08004c50   0x08004c50   0x00000054   Code   RO         4223    i.IIC_Start         myiic.o
    0x08004ca4   0x08004ca4   0x00000058   Code   RO         4224    i.IIC_Stop          myiic.o
    0x08004cfc   0x08004cfc   0x0000006c   Code   RO         4225    i.IIC_Wait_Ack      myiic.o
    0x08004d68   0x08004d68   0x0000000c   Code   RO          542    i.LL_ADC_GetOffsetChannel  stm32g4xx_hal_adc.o
    0x08004d74   0x08004d74   0x00000008   Code   RO          543    i.LL_ADC_INJ_IsConversionOngoing  stm32g4xx_hal_adc.o
    0x08004d7c   0x08004d7c   0x00000008   Code   RO          544    i.LL_ADC_REG_IsConversionOngoing  stm32g4xx_hal_adc.o
    0x08004d84   0x08004d84   0x00000008   Code   RO          777    i.LL_ADC_REG_IsConversionOngoing  stm32g4xx_hal_adc_ex.o
    0x08004d8c   0x08004d8c   0x00000010   Code   RO          545    i.LL_ADC_REG_IsTriggerSourceSWStart  stm32g4xx_hal_adc.o
    0x08004d9c   0x08004d9c   0x0000001e   Code   RO          547    i.LL_ADC_SetChannelSamplingTime  stm32g4xx_hal_adc.o
    0x08004dba   0x08004dba   0x00000010   Code   RO          548    i.LL_ADC_SetOffsetState  stm32g4xx_hal_adc.o
    0x08004dca   0x08004dca   0x00000002   PAD
    0x08004dcc   0x08004dcc   0x00000098   Code   RO          246    i.MX_ADC1_Init      adc.o
    0x08004e64   0x08004e64   0x0000003c   Code   RO          286    i.MX_DMA_Init       dma.o
    0x08004ea0   0x08004ea0   0x000000ac   Code   RO          220    i.MX_GPIO_Init      gpio.o
    0x08004f4c   0x08004f4c   0x00000068   Code   RO          312    i.MX_TIM3_Init      tim.o
    0x08004fb4   0x08004fb4   0x00000068   Code   RO          354    i.MX_USART1_UART_Init  usart.o
    0x0800501c   0x0800501c   0x00000002   Code   RO          399    i.MemManage_Handler  stm32g4xx_it.o
    0x0800501e   0x0800501e   0x00000002   PAD
    0x08005020   0x08005020   0x00000034   Code   RO         4472    i.MyUSART1_IRQHandler  myusart1.o
    0x08005054   0x08005054   0x00000014   Code   RO         4473    i.MyUSART1_Init     myusart1.o
    0x08005068   0x08005068   0x00000002   Code   RO          400    i.NMI_Handler       stm32g4xx_it.o
    0x0800506a   0x0800506a   0x00000006   Code   RO         4289    i.OLED_CLS          oled_i2c.o
    0x08005070   0x08005070   0x00000038   Code   RO         4292    i.OLED_Fill         oled_i2c.o
    0x080050a8   0x080050a8   0x000000c8   Code   RO         4294    i.OLED_Init         oled_i2c.o
    0x08005170   0x08005170   0x00000026   Code   RO         4300    i.OLED_SetPos       oled_i2c.o
    0x08005196   0x08005196   0x00000002   PAD
    0x08005198   0x08005198   0x00000048   Code   RO         4301    i.OLED_ShowCN       oled_i2c.o
    0x080051e0   0x080051e0   0x0000007c   Code   RO         4302    i.OLED_ShowChar     oled_i2c.o
    0x0800525c   0x0800525c   0x00000038   Code   RO         4303    i.OLED_ShowFloat    oled_i2c.o
    0x08005294   0x08005294   0x000000d8   Code   RO         4307    i.OLED_ShowStr      oled_i2c.o
    0x0800536c   0x0800536c   0x00000002   Code   RO          401    i.PendSV_Handler    stm32g4xx_it.o
    0x0800536e   0x0800536e   0x00000002   Code   RO          402    i.SVC_Handler       stm32g4xx_it.o
    0x08005370   0x08005370   0x00000004   Code   RO          403    i.SysTick_Handler   stm32g4xx_it.o
    0x08005374   0x08005374   0x00000066   Code   RO           16    i.SystemClock_Config  main.o
    0x080053da   0x080053da   0x00000002   PAD
    0x080053dc   0x080053dc   0x00000010   Code   RO         4128    i.SystemInit        system_stm32g4xx.o
    0x080053ec   0x080053ec   0x000000d4   Code   RO         2545    i.TIM_Base_SetConfig  stm32g4xx_hal_tim.o
    0x080054c0   0x080054c0   0x00000014   Code   RO         2556    i.TIM_ETR_SetConfig  stm32g4xx_hal_tim.o
    0x080054d4   0x080054d4   0x00000014   Code   RO         2557    i.TIM_ITRx_SetConfig  stm32g4xx_hal_tim.o
    0x080054e8   0x080054e8   0x00000022   Code   RO         2565    i.TIM_TI1_ConfigInputStage  stm32g4xx_hal_tim.o
    0x0800550a   0x0800550a   0x00000024   Code   RO         2567    i.TIM_TI2_ConfigInputStage  stm32g4xx_hal_tim.o
    0x0800552e   0x0800552e   0x00000002   PAD
    0x08005530   0x08005530   0x00000044   Code   RO         4028    i.UARTEx_SetNbDataToProcess  stm32g4xx_hal_uart_ex.o
    0x08005574   0x08005574   0x000000c8   Code   RO         3638    i.UART_AdvFeatureConfig  stm32g4xx_hal_uart.o
    0x0800563c   0x0800563c   0x00000060   Code   RO         3639    i.UART_CheckIdleState  stm32g4xx_hal_uart.o
    0x0800569c   0x0800569c   0x00000014   Code   RO         3640    i.UART_DMAAbortOnError  stm32g4xx_hal_uart.o
    0x080056b0   0x080056b0   0x00000054   Code   RO         3650    i.UART_EndRxTransfer  stm32g4xx_hal_uart.o
    0x08005704   0x08005704   0x00000298   Code   RO         3656    i.UART_SetConfig    stm32g4xx_hal_uart.o
    0x0800599c   0x0800599c   0x000000c6   Code   RO         3663    i.UART_WaitOnFlagUntilTimeout  stm32g4xx_hal_uart.o
    0x08005a62   0x08005a62   0x00000002   PAD
    0x08005a64   0x08005a64   0x0000001c   Code   RO          404    i.USART1_IRQHandler  stm32g4xx_it.o
    0x08005a80   0x08005a80   0x00000002   Code   RO          405    i.UsageFault_Handler  stm32g4xx_it.o
    0x08005a82   0x08005a82   0x00000008   Code   RO         4309    i.WriteCmd          oled_i2c.o
    0x08005a8a   0x08005a8a   0x00000008   Code   RO         4310    i.WriteDat          oled_i2c.o
    0x08005a92   0x08005a92   0x00000030   Code   RO         5195    i.__ARM_fpclassify  m_wm.l(fpclassify.o)
    0x08005ac2   0x08005ac2   0x00000020   Code   RO         2333    i.__NVIC_SetPriority  stm32g4xx_hal_cortex.o
    0x08005ae2   0x08005ae2   0x0000007a   Code   RO         5107    i.__hardfp_sqrt     m_wm.l(sqrt.o)
    0x08005b5c   0x08005b5c   0x0000000e   Code   RO         4963    i._is_digit         c_w.l(__printf_wp.o)
    0x08005b6a   0x08005b6a   0x00000002   PAD
    0x08005b6c   0x08005b6c   0x00000014   Code   RO         4166    i.delay_init        delay.o
    0x08005b80   0x08005b80   0x0000000a   Code   RO         4167    i.delay_ms          delay.o
    0x08005b8a   0x08005b8a   0x00000002   PAD
    0x08005b8c   0x08005b8c   0x00000034   Code   RO         4169    i.delay_us          delay.o
    0x08005bc0   0x08005bc0   0x00000114   Code   RO         4626    i.fft               fft.o
    0x08005cd4   0x08005cd4   0x000000fc   Code   RO         4627    i.fft_getpeak       fft.o
    0x08005dd0   0x08005dd0   0x0000001c   Code   RO         4488    i.fputc             myusart1.o
    0x08005dec   0x08005dec   0x00000040   Code   RO           17    i.main              main.o
    0x08005e2c   0x08005e2c   0x0000003e   Code   RO         5121    i.sqrtf             m_wm.l(sqrtf.o)
    0x08005e6a   0x08005e6a   0x00000002   PAD
    0x08005e6c   0x08005e6c   0x00000094   Code   RO         4628    i.wave_determine    fft.o
    0x08005f00   0x08005f00   0x00000042   Code   RO         4311    i.wave_show         oled_i2c.o
    0x08005f42   0x08005f42   0x00000002   PAD
    0x08005f44   0x08005f44   0x0000002c   Code   RO         5294    locale$$code        c_w.l(lc_numeric_c.o)
    0x08005f70   0x08005f70   0x00000062   Code   RO         4985    x$fpl$d2f           fz_wm.l(d2f.o)
    0x08005fd2   0x08005fd2   0x00000002   PAD
    0x08005fd4   0x08005fd4   0x00000150   Code   RO         4987    x$fpl$dadd          fz_wm.l(daddsub_clz.o)
    0x08006124   0x08006124   0x00000018   Code   RO         5147    x$fpl$dcmpinf       fz_wm.l(dcmpi.o)
    0x0800613c   0x0800613c   0x000002b0   Code   RO         4994    x$fpl$ddiv          fz_wm.l(ddiv.o)
    0x080063ec   0x080063ec   0x00000026   Code   RO         4997    x$fpl$dfltu         fz_wm.l(dflt_clz.o)
    0x08006412   0x08006412   0x00000002   PAD
    0x08006414   0x08006414   0x00000078   Code   RO         5003    x$fpl$dleqf         fz_wm.l(dleqf.o)
    0x0800648c   0x0800648c   0x00000154   Code   RO         5005    x$fpl$dmul          fz_wm.l(dmul.o)
    0x080065e0   0x080065e0   0x0000009c   Code   RO         5153    x$fpl$dnaninf       fz_wm.l(dnaninf.o)
    0x0800667c   0x0800667c   0x0000000c   Code   RO         5155    x$fpl$dretinf       fz_wm.l(dretinf.o)
    0x08006688   0x08006688   0x0000006c   Code   RO         5007    x$fpl$drleqf        fz_wm.l(drleqf.o)
    0x080066f4   0x080066f4   0x00000198   Code   RO         5157    x$fpl$dsqrt         fz_wm.l(dsqrt_umaal.o)
    0x0800688c   0x0800688c   0x000001d4   Code   RO         4989    x$fpl$dsub          fz_wm.l(daddsub_clz.o)
    0x08006a60   0x08006a60   0x00000056   Code   RO         5009    x$fpl$f2d           fz_wm.l(f2d.o)
    0x08006ab6   0x08006ab6   0x00000012   Code   RO         5011    x$fpl$fadd          fz_wm.l(faddsub_clz.o)
    0x08006ac8   0x08006ac8   0x00000054   Code   RO         5017    x$fpl$fcmp          fz_wm.l(fcmp.o)
    0x08006b1c   0x08006b1c   0x00000018   Code   RO         5300    x$fpl$fcmpinf       fz_wm.l(fcmpi.o)
    0x08006b34   0x08006b34   0x00000030   Code   RO         5159    x$fpl$feqf          fz_wm.l(feqf.o)
    0x08006b64   0x08006b64   0x00000030   Code   RO         5161    x$fpl$fgeqf         fz_wm.l(fgeqf.o)
    0x08006b94   0x08006b94   0x00000030   Code   RO         5163    x$fpl$fleqf         fz_wm.l(fleqf.o)
    0x08006bc4   0x08006bc4   0x00000012   Code   RO         5019    x$fpl$fmul          fz_wm.l(fmul.o)
    0x08006bd6   0x08006bd6   0x0000008c   Code   RO         5165    x$fpl$fnaninf       fz_wm.l(fnaninf.o)
    0x08006c62   0x08006c62   0x0000000a   Code   RO         5380    x$fpl$fpinit        fz_wm.l(fpinit.o)
    0x08006c6c   0x08006c6c   0x0000000a   Code   RO         5167    x$fpl$fretinf       fz_wm.l(fretinf.o)
    0x08006c76   0x08006c76   0x00000012   Code   RO         5012    x$fpl$fsub          fz_wm.l(faddsub_clz.o)
    0x08006c88   0x08006c88   0x00000004   Code   RO         5021    x$fpl$printf1       fz_wm.l(printf1.o)
    0x08006c8c   0x08006c8c   0x00000000   Code   RO         5171    x$fpl$usenofp       fz_wm.l(usenofp.o)
    0x08006c8c   0x08006c8c   0x00000018   Data   RO         3664    .constdata          stm32g4xx_hal_uart.o
    0x08006ca4   0x08006ca4   0x00000010   Data   RO         4029    .constdata          stm32g4xx_hal_uart_ex.o
    0x08006cb4   0x08006cb4   0x00000010   Data   RO         4129    .constdata          system_stm32g4xx.o
    0x08006cc4   0x08006cc4   0x00000008   Data   RO         4130    .constdata          system_stm32g4xx.o
    0x08006ccc   0x08006ccc   0x00000826   Data   RO         4313    .constdata          oled_i2c.o
    0x080074f2   0x080074f2   0x00000002   PAD
    0x080074f4   0x080074f4   0x00000094   Data   RO         5265    .constdata          c_w.l(bigflt0.o)
    0x08007588   0x08007588   0x00000800   Data   RO         4845    .rodata.armBitRevTable  arm_cortexM4l_math.lib(arm_common_tables.o)
    0x08007d88   0x08007d88   0x00008000   Data   RO         4854    .rodata.twiddleCoef_4096  arm_cortexM4l_math.lib(arm_common_tables.o)
    0x0800fd88   0x0800fd88   0x00000020   Data   RO         5450    Region$$Table       anon$$obj.o
    0x0800fda8   0x0800fda8   0x0000001c   Data   RO         5293    locale$$data        c_w.l(lc_numeric_c.o)


    Execution Region RW_IRAM1 (Exec base: 0x20000000, Load base: 0x0800fdc4, Size: 0x00004380, Max: 0x00020000, ABSOLUTE, COMPRESSED[0x000001bc])

    Exec Addr    Load Addr    Size         Type   Attr      Idx    E Section Name        Object

    0x20000000   COMPRESSED   0x0000000c   Data   RW          994    .data               stm32g4xx_hal.o
    0x2000000c   COMPRESSED   0x00000004   Data   RW         4131    .data               system_stm32g4xx.o
    0x20000010   COMPRESSED   0x00000002   Data   RW         4170    .data               delay.o
    0x20000012   COMPRESSED   0x00000223   Data   RW         4314    .data               oled_i2c.o
    0x20000235   COMPRESSED   0x00000003   PAD
    0x20000238   COMPRESSED   0x0000000c   Data   RW         4490    .data               myusart1.o
    0x20000244   COMPRESSED   0x00000004   Data   RW         4491    .data               myusart1.o
    0x20000248        -       0x000000cc   Zero   RW          247    .bss                adc.o
    0x20000314        -       0x0000004c   Zero   RW          313    .bss                tim.o
    0x20000360        -       0x00000090   Zero   RW          355    .bss                usart.o
    0x200003f0        -       0x00000064   Zero   RW         4489    .bss                myusart1.o
    0x20000454        -       0x000038c8   Zero   RW         4629    .bss                fft.o
    0x20003d1c        -       0x00000060   Zero   RW         5305    .bss                c_w.l(libspace.o)
    0x20003d7c   COMPRESSED   0x00000004   PAD
    0x20003d80        -       0x00000200   Zero   RW            2    HEAP                startup_stm32g474xx.o
    0x20003f80        -       0x00000400   Zero   RW            1    STACK               startup_stm32g474xx.o


==============================================================================

Image component sizes


      Code (inc. data)   RO Data    RW Data    ZI Data      Debug   Object Name

       324         22          0          0        204       1871   adc.o
        82          8          0          2          0       1727   delay.o
        60          4          0          0          0        806   dma.o
      1480        162          0          0      14536       5790   fft.o
       172         12          0          0          0        975   gpio.o
       188         10          0          0          0     932633   main.o
       432         24          0          0          0       2785   myiic.o
       100         24          0         16        100       3864   myusart1.o
      1022         46       2086        547          0       9510   oled_i2c.o
        64         26        472          0       1536        840   startup_stm32g474xx.o
       126         20          0         12          0       3633   stm32g4xx_hal.o
      2334        154          0          0          0      78406   stm32g4xx_hal_adc.o
       356         26          0          0          0      68587   stm32g4xx_hal_adc_ex.o
       222         14          0          0          0      34073   stm32g4xx_hal_cortex.o
       906         30          0          0          0       5934   stm32g4xx_hal_dma.o
       628         40          0          0          0       3262   stm32g4xx_hal_gpio.o
        48          6          0          0          0        858   stm32g4xx_hal_msp.o
       204         18          0          0          0       1377   stm32g4xx_hal_pwr_ex.o
      1696         92          0          0          0       6028   stm32g4xx_hal_rcc.o
       768         10          0          0          0       1880   stm32g4xx_hal_rcc_ex.o
       788         78          0          0          0       6520   stm32g4xx_hal_tim.o
       184         34          0          0          0       1368   stm32g4xx_hal_tim_ex.o
      2110         90         24          0          0      28296   stm32g4xx_hal_uart.o
       288          6         16          0          0       5114   stm32g4xx_hal_uart_ex.o
        68         16          0          0          0       5612   stm32g4xx_it.o
        16          4         24          4          0       1123   system_stm32g4xx.o
       144         18          0          0         76       1626   tim.o
       244         22          0          0        144       1762   usart.o

    ----------------------------------------------------------------------
     15082       1016       2656        584      16596    1216260   Object Totals
         0          0         32          0          0          0   (incl. Generated)
        28          0          2          3          0          0   (incl. Padding)

    ----------------------------------------------------------------------

      Code (inc. data)   RO Data    RW Data    ZI Data      Debug   Library Member Name

       174          0          0          0          0       2571   arm_bitreversal.o
      2884          0          0          0          0       6486   arm_cfft_radix4_f32.o
       124          0          0          0          0       1574   arm_cfft_radix4_init_f32.o
       232          0          0          0          0       1739   arm_cmplx_mag_f32.o
         0          0      34816          0          0       4961   arm_common_tables.o
       288          0          0          0          0       1362   arm_max_f32.o
        90          0          0          0          0          0   __dczerorl2.o
         8          0          0          0          0         68   __main.o
       352          0          0          0          0         88   __printf_ss_wp.o
        14          0          0          0          0         68   __printf_wp.o
         0          0          0          0          0          0   __rtentry.o
        12          0          0          0          0          0   __rtentry2.o
         6          0          0          0          0          0   __rtentry4.o
        52          8          0          0          0          0   __scatter.o
        28          0          0          0          0          0   __scatter_zi.o
        48          6          0          0          0         96   _printf_char_common.o
        36          4          0          0          0         80   _printf_char_file.o
         6          0          0          0          0          0   _printf_f.o
      1050          0          0          0          0        216   _printf_fp_dec.o
       128         16          0          0          0         84   _printf_fp_infnan.o
         0          0          0          0          0          0   _printf_percent.o
         4          0          0          0          0          0   _printf_percent_end.o
        22          0          0          0          0        100   _rserrno.o
        10          0          0          0          0         68   _sputc.o
       220          4        148          0          0         96   bigflt0.o
      1910        128          0          0          0        672   btod.o
        12          0          0          0          0         72   exit.o
         8          0          0          0          0         68   ferror.o
         6          0          0          0          0        152   heapauxi.o
         0          0          0          0          0          0   indicate_semi.o
        44         10         28          0          0         76   lc_numeric_c.o
         2          0          0          0          0          0   libinit.o
        22          0          0          0          0          0   libinit2.o
         2          0          0          0          0          0   libshutdown.o
         2          0          0          0          0          0   libshutdown2.o
         8          4          0          0         96         68   libspace.o
       138          0          0          0          0         80   lludiv10.o
       238          0          0          0          0        100   lludivv7m.o
        24          4          0          0          0         84   noretval__2printf.o
        40          6          0          0          0         84   noretval__2sprintf.o
         8          4          0          0          0         68   rt_errno_addr_intlibspace.o
         8          4          0          0          0         68   rt_locale_intlibspace.o
        78          0          0          0          0         80   rt_memclr_w.o
         2          0          0          0          0          0   rtexit.o
        10          0          0          0          0          0   rtexit2.o
       128          0          0          0          0         68   strcmpv7m.o
        62          0          0          0          0         76   strlen.o
        12          4          0          0          0         68   sys_exit.o
        74          0          0          0          0         80   sys_stackheap_outer.o
         2          0          0          0          0         68   use_no_semi.o
        98          4          0          0          0        140   d2f.o
       804         16          0          0          0        368   daddsub_clz.o
        24          0          0          0          0        116   dcmpi.o
       688        140          0          0          0        256   ddiv.o
        38          0          0          0          0        116   dflt_clz.o
       120          4          0          0          0        140   dleqf.o
       340         12          0          0          0        152   dmul.o
       156          4          0          0          0        140   dnaninf.o
        12          0          0          0          0        116   dretinf.o
       108          0          0          0          0        128   drleqf.o
       408         56          0          0          0        168   dsqrt_umaal.o
        86          4          0          0          0        132   f2d.o
        36          0          0          0          0        232   faddsub_clz.o
        84          0          0          0          0        244   fcmp.o
        24          0          0          0          0        116   fcmpi.o
        48          4          0          0          0        132   feqf.o
        48          4          0          0          0        132   fgeqf.o
        48          4          0          0          0        132   fleqf.o
        18          0          0          0          0        116   fmul.o
       140          4          0          0          0        132   fnaninf.o
        10          0          0          0          0        116   fpinit.o
        10          0          0          0          0        116   fretinf.o
         4          0          0          0          0        116   printf1.o
         0          0          0          0          0          0   usenofp.o
        48          0          0          0          0        124   fpclassify.o
       122          0          0          0          0        148   sqrt.o
        62          0          0          0          0        136   sqrtf.o

    ----------------------------------------------------------------------
     12234        458      34992          0        100      25653   Library Totals
        22          0          0          0          4          0   (incl. Padding)

    ----------------------------------------------------------------------

      Code (inc. data)   RO Data    RW Data    ZI Data      Debug   Library Name

      3702          0      34816          0          0      18693   arm_cortexM4l_math.lib
      4926        202        176          0         96       2996   c_w.l
      3352        256          0          0          0       3556   fz_wm.l
       232          0          0          0          0        408   m_wm.l

    ----------------------------------------------------------------------
     12234        458      34992          0        100      25653   Library Totals

    ----------------------------------------------------------------------

==============================================================================


      Code (inc. data)   RO Data    RW Data    ZI Data      Debug   

     27316       1474      37648        584      16696    1225085   Grand Totals
     27316       1474      37648        444      16696    1225085   ELF Image Totals (compressed)
     27316       1474      37648        444          0          0   ROM Totals

==============================================================================

    Total RO  Size (Code + RO Data)                64964 (  63.44kB)
    Total RW  Size (RW Data + ZI Data)             17280 (  16.88kB)
    Total ROM Size (Code + RO Data + RW Data)      65408 (  63.88kB)

==============================================================================

